<html>
<body>
<pre>
<h1>µVision Build Log</h1>
<h2>Tool Versions:</h2>
IDE-Version: µVision V5.23.0.0
Copyright (C) 2017 ARM Ltd and ARM Germany GmbH. All rights reserved.
License Information: Rooholla Khorram, -, LIC=----
 
Tool Versions:
Toolchain:       MDK-Lite  Version: 5.23
Toolchain Path:  D:\Programs Install\keil\ARM\ARMCC\Bin
C Compiler:      Armcc.exe V5.06 update 4 (build 422)
Assembler:       Armasm.exe V5.06 update 4 (build 422)
Linker/Locator:  ArmLink.exe V5.06 update 4 (build 422)
Library Manager: ArmAr.exe V5.06 update 4 (build 422)
Hex Converter:   FromElf.exe V5.06 update 4 (build 422)
CPU DLL:         SARMCM3.DLL V5.23
Dialog DLL:      DCM.DLL V1.15.0.0
Target DLL:      STLink\ST-LINKIII-KEIL_SWO.dll V2.0.18.0
Dialog DLL:      TCM.DLL V1.27.0.0
 
<h2>Project:</h2>
C:\Users\Asus\Desktop\DeskTop\Electronics_Projects\MPU9250_I2C_HAL\MPU9250_STM32_HAL\MDK-ARM\MPU9250_STM32_HAL.uvprojx
Project File Date:  05/25/2018

<h2>Output:</h2>
*** Using Compiler 'V5.06 update 4 (build 422)', folder: 'D:\Programs Install\keil\ARM\ARMCC\Bin'
Build target 'MPU9250_STM32_HAL'
compiling main.c...
..\MDK-ARM\MPU9250_I2C.h(71): warning:  #1295-D: Deprecated declaration mpuBegin - give arg types
  int mpuBegin();
..\MDK-ARM\MPU9250_I2C.h(73): warning:  #1295-D: Deprecated declaration whoAmI - give arg types
  int whoAmI();
..\MDK-ARM\MPU9250_I2C.h(75): warning:  #1295-D: Deprecated declaration whoAmIAK8963 - give arg types
  int whoAmIAK8963();
../Src/main.c(139): warning:  #223-D: function "CDC_Transmit_FS" declared implicitly
  		CDC_Transmit_FS(Packet.buffer,sizeof(Packet.buffer));
../Src/main.c(89): warning:  #177-D: variable "outdata"  was declared but never referenced
  	char outdata[100];
../Src/main.c(124): warning:  #550-D: variable "stat"  was set but never used
  	int stat=0;
../Src/main.c: 6 warnings, 0 errors
linking...
Program Size: Code=13048 RO-data=292 RW-data=360 ZI-data=5856  
"MPU9250_STM32_HAL\MPU9250_STM32_HAL.axf" - 0 Error(s), 6 Warning(s).

<h2>Software Packages used:</h2>

Package Vendor: ARM
                http://www.keil.com/pack/ARM.CMSIS.5.2.0.pack
                ARM::CMSIS:CORE:5.0.2
                CMSIS (Cortex Microcontroller Software Interface Standard)
   * Component: CORE Version: 5.0.2

<h2>Collection of Component include folders:</h2>
  .\RTE\_MPU9250_STM32_HAL
  D:\Programs Install\keil\ARM\PACK\ARM\CMSIS\5.2.0\CMSIS\Include
  D:\Programs Install\keil\ARM\PACK\Keil\STM32F1xx_DFP\2.2.0\Device\Include

<h2>Collection of Component Files used:</h2>

   * Component: ARM::CMSIS:CORE:5.0.2
Build Time Elapsed:  00:00:01
</pre>
</body>
</html>
