Component: ARM Compiler 5.06 update 4 (build 422) Tool: armlink [4d35d2]

==============================================================================

Section Cross References

    startup_stm32f103xb.o(RESET) refers to startup_stm32f103xb.o(STACK) for __initial_sp
    startup_stm32f103xb.o(RESET) refers to startup_stm32f103xb.o(.text) for Reset_Handler
    startup_stm32f103xb.o(RESET) refers to stm32f1xx_it.o(i.NMI_Handler) for NMI_Handler
    startup_stm32f103xb.o(RESET) refers to stm32f1xx_it.o(i.HardFault_Handler) for HardFault_Handler
    startup_stm32f103xb.o(RESET) refers to stm32f1xx_it.o(i.MemManage_Handler) for MemManage_Handler
    startup_stm32f103xb.o(RESET) refers to stm32f1xx_it.o(i.BusFault_Handler) for BusFault_Handler
    startup_stm32f103xb.o(RESET) refers to stm32f1xx_it.o(i.UsageFault_Handler) for UsageFault_Handler
    startup_stm32f103xb.o(RESET) refers to stm32f1xx_it.o(i.SVC_Handler) for SVC_Handler
    startup_stm32f103xb.o(RESET) refers to stm32f1xx_it.o(i.DebugMon_Handler) for DebugMon_Handler
    startup_stm32f103xb.o(RESET) refers to stm32f1xx_it.o(i.PendSV_Handler) for PendSV_Handler
    startup_stm32f103xb.o(RESET) refers to stm32f1xx_it.o(i.SysTick_Handler) for SysTick_Handler
    startup_stm32f103xb.o(RESET) refers to stm32f1xx_it.o(i.USB_LP_CAN1_RX0_IRQHandler) for USB_LP_CAN1_RX0_IRQHandler
    startup_stm32f103xb.o(.text) refers to system_stm32f1xx.o(i.SystemInit) for SystemInit
    startup_stm32f103xb.o(.text) refers to entry.o(.ARM.Collect$$$$00000000) for __main
    system_stm32f1xx.o(i.SystemCoreClockUpdate) refers to system_stm32f1xx.o(.data) for .data
    system_stm32f1xx.o(i.SystemCoreClockUpdate) refers to system_stm32f1xx.o(.constdata) for .constdata
    stm32f1xx_hal_rcc.o(i.HAL_RCC_ClockConfig) refers to stm32f1xx_hal.o(i.HAL_GetTick) for HAL_GetTick
    stm32f1xx_hal_rcc.o(i.HAL_RCC_ClockConfig) refers to stm32f1xx_hal_rcc.o(i.HAL_RCC_GetSysClockFreq) for HAL_RCC_GetSysClockFreq
    stm32f1xx_hal_rcc.o(i.HAL_RCC_ClockConfig) refers to stm32f1xx_hal.o(i.HAL_InitTick) for HAL_InitTick
    stm32f1xx_hal_rcc.o(i.HAL_RCC_ClockConfig) refers to system_stm32f1xx.o(.constdata) for AHBPrescTable
    stm32f1xx_hal_rcc.o(i.HAL_RCC_ClockConfig) refers to system_stm32f1xx.o(.data) for SystemCoreClock
    stm32f1xx_hal_rcc.o(i.HAL_RCC_DeInit) refers to stm32f1xx_hal.o(i.HAL_GetTick) for HAL_GetTick
    stm32f1xx_hal_rcc.o(i.HAL_RCC_DeInit) refers to stm32f1xx_hal.o(i.HAL_InitTick) for HAL_InitTick
    stm32f1xx_hal_rcc.o(i.HAL_RCC_DeInit) refers to system_stm32f1xx.o(.data) for SystemCoreClock
    stm32f1xx_hal_rcc.o(i.HAL_RCC_GetHCLKFreq) refers to system_stm32f1xx.o(.data) for SystemCoreClock
    stm32f1xx_hal_rcc.o(i.HAL_RCC_GetPCLK1Freq) refers to system_stm32f1xx.o(.data) for SystemCoreClock
    stm32f1xx_hal_rcc.o(i.HAL_RCC_GetPCLK1Freq) refers to system_stm32f1xx.o(.constdata) for APBPrescTable
    stm32f1xx_hal_rcc.o(i.HAL_RCC_GetPCLK2Freq) refers to system_stm32f1xx.o(.data) for SystemCoreClock
    stm32f1xx_hal_rcc.o(i.HAL_RCC_GetPCLK2Freq) refers to system_stm32f1xx.o(.constdata) for APBPrescTable
    stm32f1xx_hal_rcc.o(i.HAL_RCC_MCOConfig) refers to stm32f1xx_hal_gpio.o(i.HAL_GPIO_Init) for HAL_GPIO_Init
    stm32f1xx_hal_rcc.o(i.HAL_RCC_NMI_IRQHandler) refers to stm32f1xx_hal_rcc.o(i.HAL_RCC_CSSCallback) for HAL_RCC_CSSCallback
    stm32f1xx_hal_rcc.o(i.HAL_RCC_OscConfig) refers to stm32f1xx_hal.o(i.HAL_GetTick) for HAL_GetTick
    stm32f1xx_hal_rcc.o(i.HAL_RCC_OscConfig) refers to system_stm32f1xx.o(.data) for SystemCoreClock
    stm32f1xx_hal_cortex.o(i.HAL_NVIC_SetPriority) refers to stm32f1xx_hal_cortex.o(i.NVIC_SetPriority) for NVIC_SetPriority
    stm32f1xx_hal_cortex.o(i.HAL_SYSTICK_Config) refers to stm32f1xx_hal_cortex.o(i.NVIC_SetPriority) for NVIC_SetPriority
    stm32f1xx_hal_cortex.o(i.HAL_SYSTICK_IRQHandler) refers to stm32f1xx_hal_cortex.o(i.HAL_SYSTICK_Callback) for HAL_SYSTICK_Callback
    stm32f1xx_hal_flash.o(i.FLASH_Program_HalfWord) refers to stm32f1xx_hal_flash.o(.bss) for .bss
    stm32f1xx_hal_flash.o(i.FLASH_SetErrorCode) refers to stm32f1xx_hal_flash.o(.bss) for .bss
    stm32f1xx_hal_flash.o(i.FLASH_WaitForLastOperation) refers to stm32f1xx_hal.o(i.HAL_GetTick) for HAL_GetTick
    stm32f1xx_hal_flash.o(i.FLASH_WaitForLastOperation) refers to stm32f1xx_hal_flash.o(i.FLASH_SetErrorCode) for FLASH_SetErrorCode
    stm32f1xx_hal_flash.o(i.HAL_FLASH_GetError) refers to stm32f1xx_hal_flash.o(.bss) for .bss
    stm32f1xx_hal_flash.o(i.HAL_FLASH_IRQHandler) refers to stm32f1xx_hal_flash.o(i.FLASH_SetErrorCode) for FLASH_SetErrorCode
    stm32f1xx_hal_flash.o(i.HAL_FLASH_IRQHandler) refers to stm32f1xx_hal_flash.o(i.HAL_FLASH_OperationErrorCallback) for HAL_FLASH_OperationErrorCallback
    stm32f1xx_hal_flash.o(i.HAL_FLASH_IRQHandler) refers to stm32f1xx_hal_flash.o(i.FLASH_Program_HalfWord) for FLASH_Program_HalfWord
[...]
    Removing stm32f1xx_hal_pcd.o(i.HAL_PCD_DataInStageCallback), (2 bytes).
    Removing stm32f1xx_hal_pcd.o(i.HAL_PCD_DataOutStageCallback), (2 bytes).
    Removing stm32f1xx_hal_pcd.o(i.HAL_PCD_DeActivateRemoteWakeup), (6 bytes).
    Removing stm32f1xx_hal_pcd.o(i.HAL_PCD_DeInit), (36 bytes).
    Removing stm32f1xx_hal_pcd.o(i.HAL_PCD_DevConnect), (44 bytes).
    Removing stm32f1xx_hal_pcd.o(i.HAL_PCD_DevDisconnect), (44 bytes).
    Removing stm32f1xx_hal_pcd.o(i.HAL_PCD_DisconnectCallback), (2 bytes).
    Removing stm32f1xx_hal_pcd.o(i.HAL_PCD_EP_Flush), (52 bytes).
    Removing stm32f1xx_hal_pcd.o(i.HAL_PCD_GetState), (6 bytes).
    Removing stm32f1xx_hal_pcd.o(i.HAL_PCD_ISOINIncompleteCallback), (2 bytes).
    Removing stm32f1xx_hal_pcd.o(i.HAL_PCD_ISOOUTIncompleteCallback), (2 bytes).
    Removing stm32f1xx_hal_pcd.o(i.HAL_PCD_MspDeInit), (2 bytes).
    Removing stm32f1xx_hal_pcd.o(i.HAL_PCD_MspInit), (2 bytes).
    Removing stm32f1xx_hal_pcd.o(i.HAL_PCD_ResetCallback), (2 bytes).
    Removing stm32f1xx_hal_pcd.o(i.HAL_PCD_ResumeCallback), (2 bytes).
    Removing stm32f1xx_hal_pcd.o(i.HAL_PCD_SOFCallback), (2 bytes).
    Removing stm32f1xx_hal_pcd.o(i.HAL_PCD_SetupStageCallback), (2 bytes).
    Removing stm32f1xx_hal_pcd.o(i.HAL_PCD_Stop), (48 bytes).
    Removing stm32f1xx_hal_pcd.o(i.HAL_PCD_SuspendCallback), (2 bytes).
    Removing main.o(.rev16_text), (4 bytes).
    Removing main.o(.revsh_text), (4 bytes).
    Removing main.o(.rrx_text), (6 bytes).
    Removing stm32f1xx_it.o(.rev16_text), (4 bytes).
    Removing stm32f1xx_it.o(.revsh_text), (4 bytes).
    Removing stm32f1xx_it.o(.rrx_text), (6 bytes).
    Removing stm32f1xx_hal_msp.o(.rev16_text), (4 bytes).
    Removing stm32f1xx_hal_msp.o(.revsh_text), (4 bytes).
    Removing stm32f1xx_hal_msp.o(.rrx_text), (6 bytes).
    Removing stm32f1xx_hal_msp.o(i.HAL_I2C_MspDeInit), (40 bytes).
    Removing usbd_cdc_if.o(.rev16_text), (4 bytes).
    Removing usbd_cdc_if.o(.revsh_text), (4 bytes).
    Removing usbd_cdc_if.o(.rrx_text), (6 bytes).
    Removing usbd_conf.o(.rev16_text), (4 bytes).
    Removing usbd_conf.o(.revsh_text), (4 bytes).
    Removing usbd_conf.o(.rrx_text), (6 bytes).
    Removing usbd_conf.o(i.HAL_PCD_ConnectCallback), (8 bytes).
    Removing usbd_conf.o(i.HAL_PCD_DisconnectCallback), (8 bytes).
    Removing usbd_conf.o(i.HAL_PCD_ISOINIncompleteCallback), (8 bytes).
    Removing usbd_conf.o(i.HAL_PCD_ISOOUTIncompleteCallback), (8 bytes).
    Removing usbd_conf.o(i.HAL_PCD_MspDeInit), (36 bytes).
    Removing usbd_conf.o(i.USBD_LL_DeInit), (32 bytes).
    Removing usbd_conf.o(i.USBD_LL_Delay), (4 bytes).
    Removing usbd_conf.o(i.USBD_LL_FlushEP), (32 bytes).
    Removing usbd_conf.o(i.USBD_LL_Stop), (32 bytes).
    Removing usbd_desc.o(.rev16_text), (4 bytes).
    Removing usbd_desc.o(.revsh_text), (4 bytes).
    Removing usbd_desc.o(.rrx_text), (6 bytes).
    Removing usb_device.o(.rev16_text), (4 bytes).
    Removing usb_device.o(.revsh_text), (4 bytes).
    Removing usb_device.o(.rrx_text), (6 bytes).
    Removing mpu9250_i2c.o(.rev16_text), (4 bytes).
    Removing mpu9250_i2c.o(.revsh_text), (4 bytes).
    Removing mpu9250_i2c.o(.rrx_text), (6 bytes).
    Removing mpu9250_i2c.o(.constdata), (6 bytes).
    Removing mpu9250_i2c.o(.constdata), (6 bytes).
    Removing mpu9250_i2c.o(.constdata), (6 bytes).
    Removing mpu9250_i2c.o(.constdata), (4 bytes).
    Removing mpu9250_i2c.o(.constdata), (4 bytes).
    Removing mpu9250_i2c.o(.constdata), (1 bytes).
    Removing mpu9250_i2c.o(.constdata), (1 bytes).
    Removing mpu9250_i2c.o(.constdata), (1 bytes).
    Removing mpu9250_i2c.o(.constdata), (1 bytes).
    Removing mpu9250_i2c.o(.constdata), (1 bytes).
    Removing mpu9250_i2c.o(.constdata), (1 bytes).
    Removing mpu9250_i2c.o(.constdata), (1 bytes).
    Removing mpu9250_i2c.o(.constdata), (1 bytes).
    Removing mpu9250_i2c.o(.constdata), (1 bytes).
    Removing mpu9250_i2c.o(.constdata), (1 bytes).
    Removing mpu9250_i2c.o(.constdata), (1 bytes).
    Removing mpu9250_i2c.o(.constdata), (1 bytes).
    Removing mpu9250_i2c.o(.constdata), (1 bytes).
    Removing mpu9250_i2c.o(.constdata), (1 bytes).
    Removing mpu9250_i2c.o(.constdata), (1 bytes).
    Removing mpu9250_i2c.o(.constdata), (1 bytes).
    Removing mpu9250_i2c.o(.constdata), (1 bytes).
    Removing mpu9250_i2c.o(.constdata), (1 bytes).
    Removing mpu9250_i2c.o(.constdata), (1 bytes).
    Removing mpu9250_i2c.o(.constdata), (1 bytes).
    Removing mpu9250_i2c.o(.constdata), (1 bytes).
    Removing mpu9250_i2c.o(.constdata), (1 bytes).
    Removing mpu9250_i2c.o(.constdata), (1 bytes).
    Removing mpu9250_i2c.o(.constdata), (1 bytes).
    Removing mpu9250_i2c.o(.constdata), (1 bytes).
    Removing mpu9250_i2c.o(.constdata), (1 bytes).
    Removing mpu9250_i2c.o(.constdata), (1 bytes).
    Removing mpu9250_i2c.o(.constdata), (1 bytes).
    Removing mpu9250_i2c.o(.constdata), (1 bytes).
    Removing mpu9250_i2c.o(.constdata), (1 bytes).
    Removing mpu9250_i2c.o(.constdata), (1 bytes).
    Removing mpu9250_i2c.o(.constdata), (1 bytes).
    Removing mpu9250_i2c.o(.constdata), (1 bytes).
    Removing mpu9250_i2c.o(.constdata), (1 bytes).
    Removing mpu9250_i2c.o(.constdata), (1 bytes).
    Removing mpu9250_i2c.o(.constdata), (1 bytes).
    Removing mpu9250_i2c.o(.constdata), (1 bytes).
    Removing mpu9250_i2c.o(.constdata), (1 bytes).
    Removing mpu9250_i2c.o(.constdata), (1 bytes).
    Removing mpu9250_i2c.o(.constdata), (1 bytes).
    Removing mpu9250_i2c.o(.constdata), (1 bytes).
    Removing mpu9250_i2c.o(.constdata), (1 bytes).
    Removing mpu9250_i2c.o(.constdata), (1 bytes).
    Removing mpu9250_i2c.o(.constdata), (1 bytes).
    Removing mpu9250_i2c.o(.constdata), (1 bytes).
    Removing mpu9250_i2c.o(.constdata), (1 bytes).
    Removing mpu9250_i2c.o(.constdata), (1 bytes).
    Removing mpu9250_i2c.o(.constdata), (1 bytes).
    Removing mpu9250_i2c.o(.constdata), (1 bytes).
    Removing mpu9250_i2c.o(.constdata), (1 bytes).
    Removing mpu9250_i2c.o(.constdata), (1 bytes).
    Removing mpu9250_i2c.o(.constdata), (1 bytes).
    Removing mpu9250_i2c.o(.constdata), (1 bytes).
    Removing mpu9250_i2c.o(.constdata), (1 bytes).
    Removing mpu9250_i2c.o(.constdata), (1 bytes).
    Removing mpu9250_i2c.o(.constdata), (1 bytes).
    Removing mpu9250_i2c.o(.constdata), (1 bytes).
    Removing mpu9250_i2c.o(.constdata), (1 bytes).
    Removing mpu9250_i2c.o(.constdata), (1 bytes).
    Removing mpu9250_i2c.o(.constdata), (1 bytes).
    Removing mpu9250_i2c.o(.constdata), (1 bytes).
    Removing mpu9250_i2c.o(.constdata), (1 bytes).
    Removing mpu9250_i2c.o(.constdata), (1 bytes).
    Removing mpu9250_i2c.o(.constdata), (1 bytes).
    Removing mpu9250_i2c.o(.constdata), (1 bytes).
    Removing mpu9250_i2c.o(.constdata), (1 bytes).
    Removing mpu9250_i2c.o(.constdata), (1 bytes).
    Removing mpu9250_i2c.o(.constdata), (1 bytes).
    Removing mpu9250_i2c.o(.constdata), (1 bytes).
    Removing mpu9250_i2c.o(.constdata), (1 bytes).
    Removing mpu9250_i2c.o(.constdata), (1 bytes).
    Removing mpu9250_i2c.o(.constdata), (1 bytes).
    Removing mpu9250_i2c.o(.constdata), (1 bytes).
    Removing mpu9250_i2c.o(.constdata), (1 bytes).
    Removing mpu9250_i2c.o(.constdata), (1 bytes).
    Removing mpu9250_i2c.o(.constdata), (1 bytes).
    Removing mpu9250_i2c.o(.data), (2 bytes).
    Removing mpu9250_i2c.o(.data), (2 bytes).
    Removing mpu9250_i2c.o(.data), (2 bytes).
    Removing mpu9250_i2c.o(.data), (2 bytes).
    Removing mpu9250_i2c.o(.data), (2 bytes).
    Removing mpu9250_i2c.o(.data), (2 bytes).
    Removing mpu9250_i2c.o(.data), (2 bytes).
    Removing mpu9250_i2c.o(.data), (2 bytes).
    Removing mpu9250_i2c.o(.data), (2 bytes).
    Removing mpu9250_i2c.o(.data), (2 bytes).
    Removing mpu9250_i2c.o(.data), (4 bytes).
    Removing mpu9250_i2c.o(.data), (4 bytes).
    Removing mpu9250_i2c.o(.data), (4 bytes).
    Removing mpu9250_i2c.o(.data), (4 bytes).
    Removing mpu9250_i2c.o(.data), (4 bytes).
    Removing usbd_ctlreq.o(.rev16_text), (4 bytes).
    Removing usbd_ctlreq.o(.revsh_text), (4 bytes).
    Removing usbd_ctlreq.o(.rrx_text), (6 bytes).
    Removing usbd_cdc.o(.rev16_text), (4 bytes).
    Removing usbd_cdc.o(.revsh_text), (4 bytes).
    Removing usbd_cdc.o(.rrx_text), (6 bytes).
    Removing usbd_ioreq.o(.rev16_text), (4 bytes).
    Removing usbd_ioreq.o(.revsh_text), (4 bytes).
    Removing usbd_ioreq.o(.rrx_text), (6 bytes).
    Removing usbd_ioreq.o(i.USBD_GetRxCount), (10 bytes).
    Removing usbd_core.o(.rev16_text), (4 bytes).
    Removing usbd_core.o(.revsh_text), (4 bytes).
    Removing usbd_core.o(.rrx_text), (6 bytes).
    Removing usbd_core.o(i.USBD_DeInit), (38 bytes).
    Removing usbd_core.o(i.USBD_LL_DevConnected), (4 bytes).
    Removing usbd_core.o(i.USBD_LL_DevDisconnected), (22 bytes).
    Removing usbd_core.o(i.USBD_LL_IsoINIncomplete), (4 bytes).
    Removing usbd_core.o(i.USBD_LL_IsoOUTIncomplete), (4 bytes).
    Removing usbd_core.o(i.USBD_RunTestMode), (4 bytes).
    Removing usbd_core.o(i.USBD_Stop), (26 bytes).

397 unused section(s) (total 16568 bytes) removed from the image.

==============================================================================

Image Symbol Table

    Local Symbols

    Symbol Name                              Value     Ov Type        Size  Object(Section)

    ..//Src/system_stm32f1xx.c               0x00000000   Number         0  system_stm32f1xx.o ABSOLUTE
    ../Drivers/STM32F1xx_HAL_Driver/Src/stm32f1xx_hal.c 0x00000000   Number         0  stm32f1xx_hal.o ABSOLUTE
    ../Drivers/STM32F1xx_HAL_Driver/Src/stm32f1xx_hal_cortex.c 0x00000000   Number         0  stm32f1xx_hal_cortex.o ABSOLUTE
    ../Drivers/STM32F1xx_HAL_Driver/Src/stm32f1xx_hal_dma.c 0x00000000   Number         0  stm32f1xx_hal_dma.o ABSOLUTE
    ../Drivers/STM32F1xx_HAL_Driver/Src/stm32f1xx_hal_flash.c 0x00000000   Number         0  stm32f1xx_hal_flash.o ABSOLUTE
    ../Drivers/STM32F1xx_HAL_Driver/Src/stm32f1xx_hal_flash_ex.c 0x00000000   Number         0  stm32f1xx_hal_flash_ex.o ABSOLUTE
    ../Drivers/STM32F1xx_HAL_Driver/Src/stm32f1xx_hal_gpio.c 0x00000000   Number         0  stm32f1xx_hal_gpio.o ABSOLUTE
    ../Drivers/STM32F1xx_HAL_Driver/Src/stm32f1xx_hal_gpio_ex.c 0x00000000   Number         0  stm32f1xx_hal_gpio_ex.o ABSOLUTE
    ../Drivers/STM32F1xx_HAL_Driver/Src/stm32f1xx_hal_i2c.c 0x00000000   Number         0  stm32f1xx_hal_i2c.o ABSOLUTE
    ../Drivers/STM32F1xx_HAL_Driver/Src/stm32f1xx_hal_pcd.c 0x00000000   Number         0  stm32f1xx_hal_pcd.o ABSOLUTE
    ../Drivers/STM32F1xx_HAL_Driver/Src/stm32f1xx_hal_pcd_ex.c 0x00000000   Number         0  stm32f1xx_hal_pcd_ex.o ABSOLUTE
    ../Drivers/STM32F1xx_HAL_Driver/Src/stm32f1xx_hal_pwr.c 0x00000000   Number         0  stm32f1xx_hal_pwr.o ABSOLUTE
    ../Drivers/STM32F1xx_HAL_Driver/Src/stm32f1xx_hal_rcc.c 0x00000000   Number         0  stm32f1xx_hal_rcc.o ABSOLUTE
    ../Drivers/STM32F1xx_HAL_Driver/Src/stm32f1xx_hal_rcc_ex.c 0x00000000   Number         0  stm32f1xx_hal_rcc_ex.o ABSOLUTE
    ../Drivers/STM32F1xx_HAL_Driver/Src/stm32f1xx_hal_tim.c 0x00000000   Number         0  stm32f1xx_hal_tim.o ABSOLUTE
    ../Drivers/STM32F1xx_HAL_Driver/Src/stm32f1xx_hal_tim_ex.c 0x00000000   Number         0  stm32f1xx_hal_tim_ex.o ABSOLUTE
    ../Drivers/STM32F1xx_HAL_Driver/Src/stm32f1xx_ll_usb.c 0x00000000   Number         0  stm32f1xx_ll_usb.o ABSOLUTE
    ../Middlewares/ST/STM32_USB_Device_Library/Class/CDC/Src/usbd_cdc.c 0x00000000   Number         0  usbd_cdc.o ABSOLUTE
    ../Middlewares/ST/STM32_USB_Device_Library/Core/Src/usbd_core.c 0x00000000   Number         0  usbd_core.o ABSOLUTE
    ../Middlewares/ST/STM32_USB_Device_Library/Core/Src/usbd_ctlreq.c 0x00000000   Number         0  usbd_ctlreq.o ABSOLUTE
    ../Middlewares/ST/STM32_USB_Device_Library/Core/Src/usbd_ioreq.c 0x00000000   Number         0  usbd_ioreq.o ABSOLUTE
    ../Src/main.c                            0x00000000   Number         0  main.o ABSOLUTE
    ../Src/stm32f1xx_hal_msp.c               0x00000000   Number         0  stm32f1xx_hal_msp.o ABSOLUTE
    ../Src/stm32f1xx_it.c                    0x00000000   Number         0  stm32f1xx_it.o ABSOLUTE
    ../Src/usb_device.c                      0x00000000   Number         0  usb_device.o ABSOLUTE
    ../Src/usbd_cdc_if.c                     0x00000000   Number         0  usbd_cdc_if.o ABSOLUTE
    ../Src/usbd_conf.c                       0x00000000   Number         0  usbd_conf.o ABSOLUTE
    ../Src/usbd_desc.c                       0x00000000   Number         0  usbd_desc.o ABSOLUTE
    ../clib/../cmprslib/zerorunl2.c          0x00000000   Number         0  __dczerorl2.o ABSOLUTE
    ../clib/microlib/init/entry.s            0x00000000   Number         0  entry9a.o ABSOLUTE
    ../clib/microlib/init/entry.s            0x00000000   Number         0  entry7b.o ABSOLUTE
    ../clib/microlib/init/entry.s            0x00000000   Number         0  entry5.o ABSOLUTE
    ../clib/microlib/init/entry.s            0x00000000   Number         0  entry8b.o ABSOLUTE
    ../clib/microlib/init/entry.s            0x00000000   Number         0  entry.o ABSOLUTE
    ../clib/microlib/init/entry.s            0x00000000   Number         0  entry2.o ABSOLUTE
    ../clib/microlib/init/entry.s            0x00000000   Number         0  entry8a.o ABSOLUTE
    ../clib/microlib/init/entry.s            0x00000000   Number         0  entry7a.o ABSOLUTE
    ../clib/microlib/init/entry.s            0x00000000   Number         0  entry11b.o ABSOLUTE
    ../clib/microlib/init/entry.s            0x00000000   Number         0  entry11a.o ABSOLUTE
    ../clib/microlib/init/entry.s            0x00000000   Number         0  entry10b.o ABSOLUTE
    ../clib/microlib/init/entry.s            0x00000000   Number         0  entry10a.o ABSOLUTE
    ../clib/microlib/init/entry.s            0x00000000   Number         0  entry9b.o ABSOLUTE
    ../clib/microlib/longlong.c              0x00000000   Number         0  llushr.o ABSOLUTE
    ../clib/microlib/string/memcpy.c         0x00000000   Number         0  memcpyb.o ABSOLUTE
    ../clib/microlib/string/memcpy.c         0x00000000   Number         0  memcpya.o ABSOLUTE
    ..\Drivers\STM32F1xx_HAL_Driver\Src\stm32f1xx_hal.c 0x00000000   Number         0  stm32f1xx_hal.o ABSOLUTE
    ..\Drivers\STM32F1xx_HAL_Driver\Src\stm32f1xx_hal_cortex.c 0x00000000   Number         0  stm32f1xx_hal_cortex.o ABSOLUTE
    ..\Drivers\STM32F1xx_HAL_Driver\Src\stm32f1xx_hal_dma.c 0x00000000   Number         0  stm32f1xx_hal_dma.o ABSOLUTE
    ..\Drivers\STM32F1xx_HAL_Driver\Src\stm32f1xx_hal_flash.c 0x00000000   Number         0  stm32f1xx_hal_flash.o ABSOLUTE
    ..\Drivers\STM32F1xx_HAL_Driver\Src\stm32f1xx_hal_flash_ex.c 0x00000000   Number         0  stm32f1xx_hal_flash_ex.o ABSOLUTE
    ..\Drivers\STM32F1xx_HAL_Driver\Src\stm32f1xx_hal_gpio.c 0x00000000   Number         0  stm32f1xx_hal_gpio.o ABSOLUTE
    ..\Drivers\STM32F1xx_HAL_Driver\Src\stm32f1xx_hal_gpio_ex.c 0x00000000   Number         0  stm32f1xx_hal_gpio_ex.o ABSOLUTE
    ..\Drivers\STM32F1xx_HAL_Driver\Src\stm32f1xx_hal_i2c.c 0x00000000   Number         0  stm32f1xx_hal_i2c.o ABSOLUTE
    ..\Drivers\STM32F1xx_HAL_Driver\Src\stm32f1xx_hal_pcd.c 0x00000000   Number         0  stm32f1xx_hal_pcd.o ABSOLUTE
    ..\Drivers\STM32F1xx_HAL_Driver\Src\stm32f1xx_hal_pcd_ex.c 0x00000000   Number         0  stm32f1xx_hal_pcd_ex.o ABSOLUTE
    ..\Drivers\STM32F1xx_HAL_Driver\Src\stm32f1xx_hal_pwr.c 0x00000000   Number         0  stm32f1xx_hal_pwr.o ABSOLUTE
    ..\Drivers\STM32F1xx_HAL_Driver\Src\stm32f1xx_hal_rcc.c 0x00000000   Number         0  stm32f1xx_hal_rcc.o ABSOLUTE
    ..\Drivers\STM32F1xx_HAL_Driver\Src\stm32f1xx_hal_rcc_ex.c 0x00000000   Number         0  stm32f1xx_hal_rcc_ex.o ABSOLUTE
    ..\Drivers\STM32F1xx_HAL_Driver\Src\stm32f1xx_hal_tim.c 0x00000000   Number         0  stm32f1xx_hal_tim.o ABSOLUTE
    ..\Drivers\STM32F1xx_HAL_Driver\Src\stm32f1xx_hal_tim_ex.c 0x00000000   Number         0  stm32f1xx_hal_tim_ex.o ABSOLUTE
    ..\Drivers\STM32F1xx_HAL_Driver\Src\stm32f1xx_ll_usb.c 0x00000000   Number         0  stm32f1xx_ll_usb.o ABSOLUTE
    ..\Middlewares\ST\STM32_USB_Device_Library\Class\CDC\Src\usbd_cdc.c 0x00000000   Number         0  usbd_cdc.o ABSOLUTE
    ..\Middlewares\ST\STM32_USB_Device_Library\Core\Src\usbd_core.c 0x00000000   Number         0  usbd_core.o ABSOLUTE
    ..\Middlewares\ST\STM32_USB_Device_Library\Core\Src\usbd_ctlreq.c 0x00000000   Number         0  usbd_ctlreq.o ABSOLUTE
    ..\Middlewares\ST\STM32_USB_Device_Library\Core\Src\usbd_ioreq.c 0x00000000   Number         0  usbd_ioreq.o ABSOLUTE
    ..\Src\main.c                            0x00000000   Number         0  main.o ABSOLUTE
    ..\Src\stm32f1xx_hal_msp.c               0x00000000   Number         0  stm32f1xx_hal_msp.o ABSOLUTE
    ..\Src\stm32f1xx_it.c                    0x00000000   Number         0  stm32f1xx_it.o ABSOLUTE
    ..\Src\usb_device.c                      0x00000000   Number         0  usb_device.o ABSOLUTE
    ..\Src\usbd_cdc_if.c                     0x00000000   Number         0  usbd_cdc_if.o ABSOLUTE
    ..\Src\usbd_conf.c                       0x00000000   Number         0  usbd_conf.o ABSOLUTE
    ..\Src\usbd_desc.c                       0x00000000   Number         0  usbd_desc.o ABSOLUTE
    ..\\Src\system_stm32f1xx.c               0x00000000   Number         0  system_stm32f1xx.o ABSOLUTE
    MPU9250_I2C.c                            0x00000000   Number         0  mpu9250_i2c.o ABSOLUTE
    MPU9250_I2C.c                            0x00000000   Number         0  mpu9250_i2c.o ABSOLUTE
    dc.s                                     0x00000000   Number         0  dc.o ABSOLUTE
    handlers.s                               0x00000000   Number         0  handlers.o ABSOLUTE
    init.s                                   0x00000000   Number         0  init.o ABSOLUTE
    startup_stm32f103xb.s                    0x00000000   Number         0  startup_stm32f103xb.o ABSOLUTE
    RESET                                    0x08000000   Section      236  startup_stm32f103xb.o(RESET)
    .ARM.Collect$$$$00000000                 0x080000ec   Section        0  entry.o(.ARM.Collect$$$$00000000)
    .ARM.Collect$$$$00000001                 0x080000ec   Section        4  entry2.o(.ARM.Collect$$$$00000001)
    .ARM.Collect$$$$00000004                 0x080000f0   Section        4  entry5.o(.ARM.Collect$$$$00000004)
    .ARM.Collect$$$$00000008                 0x080000f4   Section        0  entry7b.o(.ARM.Collect$$$$00000008)
    .ARM.Collect$$$$0000000A                 0x080000f4   Section        0  entry8b.o(.ARM.Collect$$$$0000000A)
    .ARM.Collect$$$$0000000B                 0x080000f4   Section        8  entry9a.o(.ARM.Collect$$$$0000000B)
    .ARM.Collect$$$$0000000D                 0x080000fc   Section        0  entry10a.o(.ARM.Collect$$$$0000000D)
    .ARM.Collect$$$$0000000F                 0x080000fc   Section        0  entry11a.o(.ARM.Collect$$$$0000000F)
    .ARM.Collect$$$$00002712                 0x080000fc   Section        4  entry2.o(.ARM.Collect$$$$00002712)
    __lit__00000000                          0x080000fc   Data           4  entry2.o(.ARM.Collect$$$$00002712)
    .text                                    0x08000100   Section       36  startup_stm32f103xb.o(.text)
    .text                                    0x08000124   Section        0  memcpya.o(.text)
    .text                                    0x08000148   Section       36  init.o(.text)
    .text                                    0x0800016c   Section        0  __dczerorl2.o(.text)
    i.BusFault_Handler                       0x080001c2   Section        0  stm32f1xx_it.o(i.BusFault_Handler)
    i.CDC_Control_FS                         0x080001c4   Section        0  usbd_cdc_if.o(i.CDC_Control_FS)
    CDC_Control_FS                           0x080001c5   Thumb Code     4  usbd_cdc_if.o(i.CDC_Control_FS)
    i.CDC_DeInit_FS                          0x080001c8   Section        0  usbd_cdc_if.o(i.CDC_DeInit_FS)
    CDC_DeInit_FS                            0x080001c9   Thumb Code     4  usbd_cdc_if.o(i.CDC_DeInit_FS)
    i.CDC_Init_FS                            0x080001cc   Section        0  usbd_cdc_if.o(i.CDC_Init_FS)
    CDC_Init_FS                              0x080001cd   Thumb Code    24  usbd_cdc_if.o(i.CDC_Init_FS)
    i.CDC_Receive_FS                         0x080001f0   Section        0  usbd_cdc_if.o(i.CDC_Receive_FS)
    CDC_Receive_FS                           0x080001f1   Thumb Code    20  usbd_cdc_if.o(i.CDC_Receive_FS)
    i.CDC_Transmit_FS                        0x08000208   Section        0  usbd_cdc_if.o(i.CDC_Transmit_FS)
    i.DebugMon_Handler                       0x08000234   Section        0  stm32f1xx_it.o(i.DebugMon_Handler)
    i.HAL_Delay                              0x08000238   Section        0  stm32f1xx_hal.o(i.HAL_Delay)
    i.HAL_GPIO_Init                          0x0800025c   Section        0  stm32f1xx_hal_gpio.o(i.HAL_GPIO_Init)
    i.HAL_GPIO_WritePin                      0x08000418   Section        0  stm32f1xx_hal_gpio.o(i.HAL_GPIO_WritePin)
    i.HAL_GetTick                            0x08000424   Section        0  stm32f1xx_hal.o(i.HAL_GetTick)
    i.HAL_I2C_Init                           0x08000430   Section        0  stm32f1xx_hal_i2c.o(i.HAL_I2C_Init)
    i.HAL_I2C_Master_Receive                 0x08000570   Section        0  stm32f1xx_hal_i2c.o(i.HAL_I2C_Master_Receive)
    i.HAL_I2C_Master_Transmit                0x08000780   Section        0  stm32f1xx_hal_i2c.o(i.HAL_I2C_Master_Transmit)
    i.HAL_I2C_MspInit                        0x080008b8   Section        0  stm32f1xx_hal_msp.o(i.HAL_I2C_MspInit)
    i.HAL_IncTick                            0x080008fc   Section        0  stm32f1xx_hal.o(i.HAL_IncTick)
    i.HAL_Init                               0x0800090c   Section        0  stm32f1xx_hal.o(i.HAL_Init)
    i.HAL_InitTick                           0x08000930   Section        0  stm32f1xx_hal.o(i.HAL_InitTick)
    i.HAL_MspInit                            0x08000970   Section        0  stm32f1xx_hal_msp.o(i.HAL_MspInit)
    i.HAL_NVIC_EnableIRQ                     0x080009f0   Section        0  stm32f1xx_hal_cortex.o(i.HAL_NVIC_EnableIRQ)
    i.HAL_NVIC_SetPriority                   0x08000a08   Section        0  stm32f1xx_hal_cortex.o(i.HAL_NVIC_SetPriority)
    i.HAL_NVIC_SetPriorityGrouping           0x08000a48   Section        0  stm32f1xx_hal_cortex.o(i.HAL_NVIC_SetPriorityGrouping)
    i.HAL_PCDEx_PMAConfig                    0x08000a6c   Section        0  stm32f1xx_hal_pcd_ex.o(i.HAL_PCDEx_PMAConfig)
    i.HAL_PCDEx_SetConnectionState           0x08000aa0   Section        0  usbd_conf.o(i.HAL_PCDEx_SetConnectionState)
    i.HAL_PCD_DataInStageCallback            0x08000aa2   Section        0  usbd_conf.o(i.HAL_PCD_DataInStageCallback)
    i.HAL_PCD_DataOutStageCallback           0x08000ab0   Section        0  usbd_conf.o(i.HAL_PCD_DataOutStageCallback)
    i.HAL_PCD_EP_Close                       0x08000ac0   Section        0  stm32f1xx_hal_pcd.o(i.HAL_PCD_EP_Close)
    i.HAL_PCD_EP_ClrStall                    0x08000b00   Section        0  stm32f1xx_hal_pcd.o(i.HAL_PCD_EP_ClrStall)
    i.HAL_PCD_EP_GetRxCount                  0x08000b48   Section        0  stm32f1xx_hal_pcd.o(i.HAL_PCD_EP_GetRxCount)
    i.HAL_PCD_EP_Open                        0x08000b58   Section        0  stm32f1xx_hal_pcd.o(i.HAL_PCD_EP_Open)
    i.HAL_PCD_EP_Receive                     0x08000b9c   Section        0  stm32f1xx_hal_pcd.o(i.HAL_PCD_EP_Receive)
    i.HAL_PCD_EP_SetStall                    0x08000bca   Section        0  stm32f1xx_hal_pcd.o(i.HAL_PCD_EP_SetStall)
    i.HAL_PCD_EP_Transmit                    0x08000c20   Section        0  stm32f1xx_hal_pcd.o(i.HAL_PCD_EP_Transmit)
    i.HAL_PCD_IRQHandler                     0x08000c4a   Section        0  stm32f1xx_hal_pcd.o(i.HAL_PCD_IRQHandler)
    i.HAL_PCD_Init                           0x08000d58   Section        0  stm32f1xx_hal_pcd.o(i.HAL_PCD_Init)
    i.HAL_PCD_MspInit                        0x08000e18   Section        0  usbd_conf.o(i.HAL_PCD_MspInit)
    i.HAL_PCD_ResetCallback                  0x08000e54   Section        0  usbd_conf.o(i.HAL_PCD_ResetCallback)
    i.HAL_PCD_ResumeCallback                 0x08000e6e   Section        0  usbd_conf.o(i.HAL_PCD_ResumeCallback)
    i.HAL_PCD_SOFCallback                    0x08000e76   Section        0  usbd_conf.o(i.HAL_PCD_SOFCallback)
    i.HAL_PCD_SetAddress                     0x08000e7e   Section        0  stm32f1xx_hal_pcd.o(i.HAL_PCD_SetAddress)
    i.HAL_PCD_SetupStageCallback             0x08000ea6   Section        0  usbd_conf.o(i.HAL_PCD_SetupStageCallback)
    i.HAL_PCD_Start                          0x08000eb4   Section        0  stm32f1xx_hal_pcd.o(i.HAL_PCD_Start)
    i.HAL_PCD_SuspendCallback                0x08000ee8   Section        0  usbd_conf.o(i.HAL_PCD_SuspendCallback)
    i.HAL_RCCEx_PeriphCLKConfig              0x08000f0c   Section        0  stm32f1xx_hal_rcc_ex.o(i.HAL_RCCEx_PeriphCLKConfig)
    i.HAL_RCC_ClockConfig                    0x08000ff8   Section        0  stm32f1xx_hal_rcc.o(i.HAL_RCC_ClockConfig)
    i.HAL_RCC_GetHCLKFreq                    0x0800114c   Section        0  stm32f1xx_hal_rcc.o(i.HAL_RCC_GetHCLKFreq)
    i.HAL_RCC_GetPCLK1Freq                   0x08001158   Section        0  stm32f1xx_hal_rcc.o(i.HAL_RCC_GetPCLK1Freq)
    i.HAL_RCC_GetSysClockFreq                0x08001178   Section        0  stm32f1xx_hal_rcc.o(i.HAL_RCC_GetSysClockFreq)
    i.HAL_RCC_OscConfig                      0x080011e4   Section        0  stm32f1xx_hal_rcc.o(i.HAL_RCC_OscConfig)
    i.HAL_SYSTICK_CLKSourceConfig            0x080014e8   Section        0  stm32f1xx_hal_cortex.o(i.HAL_SYSTICK_CLKSourceConfig)
    i.HAL_SYSTICK_Callback                   0x08001500   Section        0  stm32f1xx_hal_cortex.o(i.HAL_SYSTICK_Callback)
    i.HAL_SYSTICK_Config                     0x08001502   Section        0  stm32f1xx_hal_cortex.o(i.HAL_SYSTICK_Config)
    i.HAL_SYSTICK_IRQHandler                 0x0800152a   Section        0  stm32f1xx_hal_cortex.o(i.HAL_SYSTICK_IRQHandler)
    i.HardFault_Handler                      0x08001532   Section        0  stm32f1xx_it.o(i.HardFault_Handler)
    i.I2C_IsAcknowledgeFailed                0x08001534   Section        0  stm32f1xx_hal_i2c.o(i.I2C_IsAcknowledgeFailed)
    I2C_IsAcknowledgeFailed                  0x08001535   Thumb Code    40  stm32f1xx_hal_i2c.o(i.I2C_IsAcknowledgeFailed)
    i.I2C_MasterRequestRead                  0x0800155c   Section        0  stm32f1xx_hal_i2c.o(i.I2C_MasterRequestRead)
    I2C_MasterRequestRead                    0x0800155d   Thumb Code   222  stm32f1xx_hal_i2c.o(i.I2C_MasterRequestRead)
    i.I2C_MasterRequestWrite                 0x0800163c   Section        0  stm32f1xx_hal_i2c.o(i.I2C_MasterRequestWrite)
    I2C_MasterRequestWrite                   0x0800163d   Thumb Code   142  stm32f1xx_hal_i2c.o(i.I2C_MasterRequestWrite)
    i.I2C_WaitOnBTFFlagUntilTimeout          0x080016d0   Section        0  stm32f1xx_hal_i2c.o(i.I2C_WaitOnBTFFlagUntilTimeout)
    I2C_WaitOnBTFFlagUntilTimeout            0x080016d1   Thumb Code    78  stm32f1xx_hal_i2c.o(i.I2C_WaitOnBTFFlagUntilTimeout)
    i.I2C_WaitOnFlagUntilTimeout             0x0800171e   Section        0  stm32f1xx_hal_i2c.o(i.I2C_WaitOnFlagUntilTimeout)
    I2C_WaitOnFlagUntilTimeout               0x0800171f   Thumb Code    96  stm32f1xx_hal_i2c.o(i.I2C_WaitOnFlagUntilTimeout)
    i.I2C_WaitOnMasterAddressFlagUntilTimeout 0x08001780   Section        0  stm32f1xx_hal_i2c.o(i.I2C_WaitOnMasterAddressFlagUntilTimeout)
    I2C_WaitOnMasterAddressFlagUntilTimeout  0x08001781   Thumb Code   136  stm32f1xx_hal_i2c.o(i.I2C_WaitOnMasterAddressFlagUntilTimeout)
    i.I2C_WaitOnRXNEFlagUntilTimeout         0x08001808   Section        0  stm32f1xx_hal_i2c.o(i.I2C_WaitOnRXNEFlagUntilTimeout)
    I2C_WaitOnRXNEFlagUntilTimeout           0x08001809   Thumb Code    98  stm32f1xx_hal_i2c.o(i.I2C_WaitOnRXNEFlagUntilTimeout)
    i.I2C_WaitOnTXEFlagUntilTimeout          0x0800186a   Section        0  stm32f1xx_hal_i2c.o(i.I2C_WaitOnTXEFlagUntilTimeout)
    I2C_WaitOnTXEFlagUntilTimeout            0x0800186b   Thumb Code    78  stm32f1xx_hal_i2c.o(i.I2C_WaitOnTXEFlagUntilTimeout)
    i.MX_GPIO_Init                           0x080018b8   Section        0  main.o(i.MX_GPIO_Init)
    MX_GPIO_Init                             0x080018b9   Thumb Code   108  main.o(i.MX_GPIO_Init)
    i.MX_I2C1_Init                           0x0800192c   Section        0  main.o(i.MX_I2C1_Init)
    MX_I2C1_Init                             0x0800192d   Thumb Code    44  main.o(i.MX_I2C1_Init)
    i.MX_USB_DEVICE_Init                     0x08001964   Section        0  usb_device.o(i.MX_USB_DEVICE_Init)
    i.MemManage_Handler                      0x0800199c   Section        0  stm32f1xx_it.o(i.MemManage_Handler)
    i.NMI_Handler                            0x0800199e   Section        0  stm32f1xx_it.o(i.NMI_Handler)
    i.NVIC_SetPriority                       0x080019a0   Section        0  stm32f1xx_hal_cortex.o(i.NVIC_SetPriority)
    NVIC_SetPriority                         0x080019a1   Thumb Code    32  stm32f1xx_hal_cortex.o(i.NVIC_SetPriority)
    i.PCD_EP_ISR_Handler                     0x080019c0   Section        0  stm32f1xx_hal_pcd.o(i.PCD_EP_ISR_Handler)
    PCD_EP_ISR_Handler                       0x080019c1   Thumb Code   866  stm32f1xx_hal_pcd.o(i.PCD_EP_ISR_Handler)
    i.PendSV_Handler                         0x08001d22   Section        0  stm32f1xx_it.o(i.PendSV_Handler)
    i.SVC_Handler                            0x08001d24   Section        0  stm32f1xx_it.o(i.SVC_Handler)
    i.SysTick_Handler                        0x08001d26   Section        0  stm32f1xx_it.o(i.SysTick_Handler)
    i.SystemClock_Config                     0x08001d34   Section        0  main.o(i.SystemClock_Config)
    i.SystemInit                             0x08001dac   Section        0  system_stm32f1xx.o(i.SystemInit)
    i.USBD_CDC_DataIn                        0x08001df4   Section        0  usbd_cdc.o(i.USBD_CDC_DataIn)
    USBD_CDC_DataIn                          0x08001df5   Thumb Code    20  usbd_cdc.o(i.USBD_CDC_DataIn)
    i.USBD_CDC_DataOut                       0x08001e08   Section        0  usbd_cdc.o(i.USBD_CDC_DataOut)
    USBD_CDC_DataOut                         0x08001e09   Thumb Code    46  usbd_cdc.o(i.USBD_CDC_DataOut)
    i.USBD_CDC_DeInit                        0x08001e36   Section        0  usbd_cdc.o(i.USBD_CDC_DeInit)
    USBD_CDC_DeInit                          0x08001e37   Thumb Code    60  usbd_cdc.o(i.USBD_CDC_DeInit)
    i.USBD_CDC_EP0_RxReady                   0x08001e72   Section        0  usbd_cdc.o(i.USBD_CDC_EP0_RxReady)
    USBD_CDC_EP0_RxReady                     0x08001e73   Thumb Code    36  usbd_cdc.o(i.USBD_CDC_EP0_RxReady)
    i.USBD_CDC_GetDeviceQualifierDescriptor  0x08001e98   Section        0  usbd_cdc.o(i.USBD_CDC_GetDeviceQualifierDescriptor)
    i.USBD_CDC_GetFSCfgDesc                  0x08001ea4   Section        0  usbd_cdc.o(i.USBD_CDC_GetFSCfgDesc)
    USBD_CDC_GetFSCfgDesc                    0x08001ea5   Thumb Code     8  usbd_cdc.o(i.USBD_CDC_GetFSCfgDesc)
    i.USBD_CDC_GetHSCfgDesc                  0x08001eb0   Section        0  usbd_cdc.o(i.USBD_CDC_GetHSCfgDesc)
    USBD_CDC_GetHSCfgDesc                    0x08001eb1   Thumb Code     8  usbd_cdc.o(i.USBD_CDC_GetHSCfgDesc)
    i.USBD_CDC_GetOtherSpeedCfgDesc          0x08001ebc   Section        0  usbd_cdc.o(i.USBD_CDC_GetOtherSpeedCfgDesc)
    USBD_CDC_GetOtherSpeedCfgDesc            0x08001ebd   Thumb Code     8  usbd_cdc.o(i.USBD_CDC_GetOtherSpeedCfgDesc)
    i.USBD_CDC_Init                          0x08001ec8   Section        0  usbd_cdc.o(i.USBD_CDC_Init)
    USBD_CDC_Init                            0x08001ec9   Thumb Code   136  usbd_cdc.o(i.USBD_CDC_Init)
    i.USBD_CDC_ReceivePacket                 0x08001f50   Section        0  usbd_cdc.o(i.USBD_CDC_ReceivePacket)
    i.USBD_CDC_RegisterInterface             0x08001f78   Section        0  usbd_cdc.o(i.USBD_CDC_RegisterInterface)
    i.USBD_CDC_SetRxBuffer                   0x08001f88   Section        0  usbd_cdc.o(i.USBD_CDC_SetRxBuffer)
    i.USBD_CDC_SetTxBuffer                   0x08001f94   Section        0  usbd_cdc.o(i.USBD_CDC_SetTxBuffer)
    i.USBD_CDC_Setup                         0x08001fa4   Section        0  usbd_cdc.o(i.USBD_CDC_Setup)
    USBD_CDC_Setup                           0x08001fa5   Thumb Code   106  usbd_cdc.o(i.USBD_CDC_Setup)
    i.USBD_CDC_TransmitPacket                0x08002014   Section        0  usbd_cdc.o(i.USBD_CDC_TransmitPacket)
    i.USBD_ClrClassConfig                    0x08002044   Section        0  usbd_core.o(i.USBD_ClrClassConfig)
    i.USBD_CtlContinueRx                     0x08002052   Section        0  usbd_ioreq.o(i.USBD_CtlContinueRx)
    i.USBD_CtlContinueSendData               0x08002062   Section        0  usbd_ioreq.o(i.USBD_CtlContinueSendData)
    i.USBD_CtlError                          0x08002072   Section        0  usbd_ctlreq.o(i.USBD_CtlError)
    i.USBD_CtlPrepareRx                      0x08002088   Section        0  usbd_ioreq.o(i.USBD_CtlPrepareRx)
    i.USBD_CtlReceiveStatus                  0x080020a6   Section        0  usbd_ioreq.o(i.USBD_CtlReceiveStatus)
    i.USBD_CtlSendData                       0x080020bc   Section        0  usbd_ioreq.o(i.USBD_CtlSendData)
    i.USBD_CtlSendStatus                     0x080020d6   Section        0  usbd_ioreq.o(i.USBD_CtlSendStatus)
    i.USBD_FS_ConfigStrDescriptor            0x080020ec   Section        0  usbd_desc.o(i.USBD_FS_ConfigStrDescriptor)
    i.USBD_FS_DeviceDescriptor               0x0800210c   Section        0  usbd_desc.o(i.USBD_FS_DeviceDescriptor)
    i.USBD_FS_InterfaceStrDescriptor         0x08002118   Section        0  usbd_desc.o(i.USBD_FS_InterfaceStrDescriptor)
    i.USBD_FS_LangIDStrDescriptor            0x0800213c   Section        0  usbd_desc.o(i.USBD_FS_LangIDStrDescriptor)
    i.USBD_FS_ManufacturerStrDescriptor      0x08002148   Section        0  usbd_desc.o(i.USBD_FS_ManufacturerStrDescriptor)
    i.USBD_FS_ProductStrDescriptor           0x08002170   Section        0  usbd_desc.o(i.USBD_FS_ProductStrDescriptor)
    i.USBD_FS_SerialStrDescriptor            0x0800219c   Section        0  usbd_desc.o(i.USBD_FS_SerialStrDescriptor)
    i.USBD_GetDescriptor                     0x080021c0   Section        0  usbd_ctlreq.o(i.USBD_GetDescriptor)
    USBD_GetDescriptor                       0x080021c1   Thumb Code   224  usbd_ctlreq.o(i.USBD_GetDescriptor)
    i.USBD_GetString                         0x080022a0   Section        0  usbd_ctlreq.o(i.USBD_GetString)
    i.USBD_Init                              0x080022e6   Section        0  usbd_core.o(i.USBD_Init)
    i.USBD_LL_ClearStallEP                   0x08002310   Section        0  usbd_conf.o(i.USBD_LL_ClearStallEP)
    i.USBD_LL_CloseEP                        0x08002330   Section        0  usbd_conf.o(i.USBD_LL_CloseEP)
    i.USBD_LL_DataInStage                    0x08002350   Section        0  usbd_core.o(i.USBD_LL_DataInStage)
    i.USBD_LL_DataOutStage                   0x080023fa   Section        0  usbd_core.o(i.USBD_LL_DataOutStage)
    i.USBD_LL_GetRxDataSize                  0x08002464   Section        0  usbd_conf.o(i.USBD_LL_GetRxDataSize)
    i.USBD_LL_Init                           0x0800246c   Section        0  usbd_conf.o(i.USBD_LL_Init)
    i.USBD_LL_IsStallEP                      0x0800250c   Section        0  usbd_conf.o(i.USBD_LL_IsStallEP)
    i.USBD_LL_OpenEP                         0x08002528   Section        0  usbd_conf.o(i.USBD_LL_OpenEP)
    i.USBD_LL_PrepareReceive                 0x0800254e   Section        0  usbd_conf.o(i.USBD_LL_PrepareReceive)
    i.USBD_LL_Reset                          0x0800256e   Section        0  usbd_core.o(i.USBD_LL_Reset)
    i.USBD_LL_Resume                         0x080025ac   Section        0  usbd_core.o(i.USBD_LL_Resume)
    i.USBD_LL_SOF                            0x080025b8   Section        0  usbd_core.o(i.USBD_LL_SOF)
    i.USBD_LL_SetSpeed                       0x080025d0   Section        0  usbd_core.o(i.USBD_LL_SetSpeed)
    i.USBD_LL_SetUSBAddress                  0x080025d6   Section        0  usbd_conf.o(i.USBD_LL_SetUSBAddress)
    i.USBD_LL_SetupStage                     0x080025f6   Section        0  usbd_core.o(i.USBD_LL_SetupStage)
    i.USBD_LL_StallEP                        0x08002650   Section        0  usbd_conf.o(i.USBD_LL_StallEP)
    i.USBD_LL_Start                          0x08002670   Section        0  usbd_conf.o(i.USBD_LL_Start)
    i.USBD_LL_Suspend                        0x08002690   Section        0  usbd_core.o(i.USBD_LL_Suspend)
    i.USBD_LL_Transmit                       0x080026a2   Section        0  usbd_conf.o(i.USBD_LL_Transmit)
    i.USBD_ParseSetupRequest                 0x080026c2   Section        0  usbd_ctlreq.o(i.USBD_ParseSetupRequest)
    i.USBD_RegisterClass                     0x080026ea   Section        0  usbd_core.o(i.USBD_RegisterClass)
    i.USBD_SetClassConfig                    0x080026fa   Section        0  usbd_core.o(i.USBD_SetClassConfig)
    i.USBD_SetConfig                         0x08002710   Section        0  usbd_ctlreq.o(i.USBD_SetConfig)
    USBD_SetConfig                           0x08002711   Thumb Code   110  usbd_ctlreq.o(i.USBD_SetConfig)
    i.USBD_Start                             0x08002784   Section        0  usbd_core.o(i.USBD_Start)
    i.USBD_StdDevReq                         0x0800278e   Section        0  usbd_ctlreq.o(i.USBD_StdDevReq)
    i.USBD_StdEPReq                          0x08002880   Section        0  usbd_ctlreq.o(i.USBD_StdEPReq)
    i.USBD_StdItfReq                         0x0800295c   Section        0  usbd_ctlreq.o(i.USBD_StdItfReq)
    i.USBD_static_free                       0x08002990   Section        0  usbd_conf.o(i.USBD_static_free)
    i.USBD_static_malloc                     0x08002994   Section        0  usbd_conf.o(i.USBD_static_malloc)
    i.USB_ActivateEndpoint                   0x0800299c   Section        0  stm32f1xx_ll_usb.o(i.USB_ActivateEndpoint)
    i.USB_CoreInit                           0x08002bf8   Section        0  stm32f1xx_ll_usb.o(i.USB_CoreInit)
    i.USB_DeactivateEndpoint                 0x08002bfc   Section        0  stm32f1xx_ll_usb.o(i.USB_DeactivateEndpoint)
    i.USB_DevConnect                         0x08002d20   Section        0  stm32f1xx_ll_usb.o(i.USB_DevConnect)
    i.USB_DevDisconnect                      0x08002d24   Section        0  stm32f1xx_ll_usb.o(i.USB_DevDisconnect)
    i.USB_DevInit                            0x08002d28   Section        0  stm32f1xx_ll_usb.o(i.USB_DevInit)
    i.USB_DisableGlobalInt                   0x08002d46   Section        0  stm32f1xx_ll_usb.o(i.USB_DisableGlobalInt)
    i.USB_EP0_OutStart                       0x08002d54   Section        0  stm32f1xx_ll_usb.o(i.USB_EP0_OutStart)
    i.USB_EPClearStall                       0x08002d58   Section        0  stm32f1xx_ll_usb.o(i.USB_EPClearStall)
    i.USB_EPSetStall                         0x08002dc2   Section        0  stm32f1xx_ll_usb.o(i.USB_EPSetStall)
    i.USB_EPStartXfer                        0x08002e0c   Section        0  stm32f1xx_ll_usb.o(i.USB_EPStartXfer)
    i.USB_EnableGlobalInt                    0x08002fb6   Section        0  stm32f1xx_ll_usb.o(i.USB_EnableGlobalInt)
    i.USB_LP_CAN1_RX0_IRQHandler             0x08002fc4   Section        0  stm32f1xx_it.o(i.USB_LP_CAN1_RX0_IRQHandler)
    i.USB_ReadInterrupts                     0x08002fd0   Section        0  stm32f1xx_ll_usb.o(i.USB_ReadInterrupts)
    i.USB_ReadPMA                            0x08002fd8   Section        0  stm32f1xx_ll_usb.o(i.USB_ReadPMA)
    i.USB_SetCurrentMode                     0x08002ff6   Section        0  stm32f1xx_ll_usb.o(i.USB_SetCurrentMode)
    i.USB_SetDevAddress                      0x08002ffa   Section        0  stm32f1xx_ll_usb.o(i.USB_SetDevAddress)
    i.USB_WritePMA                           0x08003006   Section        0  stm32f1xx_ll_usb.o(i.USB_WritePMA)
    i.UsageFault_Handler                     0x0800302c   Section        0  stm32f1xx_it.o(i.UsageFault_Handler)
    i._Error_Handler                         0x0800302e   Section        0  main.o(i._Error_Handler)
    i.__scatterload_copy                     0x08003030   Section       14  handlers.o(i.__scatterload_copy)
    i.__scatterload_null                     0x0800303e   Section        2  handlers.o(i.__scatterload_null)
    i.__scatterload_zeroinit                 0x08003040   Section       14  handlers.o(i.__scatterload_zeroinit)
    i.main                                   0x0800304e   Section        0  main.o(i.main)
    i.mpu9250ReadReg                         0x08003094   Section        0  mpu9250_i2c.o(i.mpu9250ReadReg)
    i.mpu9250WriteReg                        0x080030c4   Section        0  mpu9250_i2c.o(i.mpu9250WriteReg)
    i.mpuBegin                               0x080030e8   Section        0  mpu9250_i2c.o(i.mpuBegin)
    i.mpuReadSensor                          0x08003240   Section        0  mpu9250_i2c.o(i.mpuReadSensor)
    i.readAK8963Registers                    0x08003298   Section        0  mpu9250_i2c.o(i.readAK8963Registers)
    i.readRegisters                          0x080032ec   Section        0  mpu9250_i2c.o(i.readRegisters)
    i.whoAmI                                 0x080032fc   Section        0  mpu9250_i2c.o(i.whoAmI)
    i.whoAmIAK8963                           0x0800331c   Section        0  mpu9250_i2c.o(i.whoAmIAK8963)
    i.writeAK8963Register                    0x0800333c   Section        0  mpu9250_i2c.o(i.writeAK8963Register)
    i.writeRegister                          0x080033b4   Section        0  mpu9250_i2c.o(i.writeRegister)
    .constdata                               0x080033e4   Section       16  system_stm32f1xx.o(.constdata)
    .constdata                               0x080033f4   Section        8  system_stm32f1xx.o(.constdata)
    .data                                    0x20000000   Section        4  system_stm32f1xx.o(.data)
    .data                                    0x20000004   Section       12  stm32f1xx_hal.o(.data)
    .data                                    0x20000010   Section       16  usbd_cdc_if.o(.data)
    .data                                    0x20000020   Section       28  usbd_desc.o(.data)
    .data                                    0x2000003c   Section       22  usbd_desc.o(.data)
    .data                                    0x20000052   Section        1  usbd_ctlreq.o(.data)
    cfgidx                                   0x20000052   Data           1  usbd_ctlreq.o(.data)
    .data                                    0x20000054   Section      219  usbd_cdc.o(.data)
    ifalt                                    0x20000054   Data           1  usbd_cdc.o(.data)
    USBD_CDC_DeviceQualifierDesc             0x20000058   Data          10  usbd_cdc.o(.data)
    .data                                    0x20000130   Section       56  usbd_cdc.o(.data)
    .bss                                     0x20000168   Section       84  main.o(.bss)
    .bss                                     0x200001bc   Section     2000  usbd_cdc_if.o(.bss)
    .bss                                     0x2000098c   Section     1664  usbd_conf.o(.bss)
    mem                                      0x2000098c   Data         544  usbd_conf.o(.bss)
    .bss                                     0x2000100c   Section      512  usbd_desc.o(.bss)
    .bss                                     0x2000120c   Section      548  usb_device.o(.bss)
    .bss                                     0x20001430   Section       21  mpu9250_i2c.o(.bss)
    STACK                                    0x20001448   Section     1024  startup_stm32f103xb.o(STACK)

    Global Symbols

    Symbol Name                              Value     Ov Type        Size  Object(Section)

    BuildAttributes$$THM_ISAv4$P$D$K$B$S$PE$A:L22UL41UL21$X:L11$S22US41US21$IEEE1$IW$USESV6$~STKCKD$USESV7$~SHL$OSPACE$EBA8$MICROLIB$REQ8$PRES8$EABIv2 0x00000000   Number         0  anon$$obj.o ABSOLUTE
    __ARM_use_no_argv                        0x00000000   Number         0  main.o ABSOLUTE
    __cpp_initialize__aeabi_                  - Undefined Weak Reference
    __cxa_finalize                            - Undefined Weak Reference
    _clock_init                               - Undefined Weak Reference
    _microlib_exit                            - Undefined Weak Reference
    __Vectors_Size                           0x000000ec   Number         0  startup_stm32f103xb.o ABSOLUTE
    __Vectors                                0x08000000   Data           4  startup_stm32f103xb.o(RESET)
    __Vectors_End                            0x080000ec   Data           0  startup_stm32f103xb.o(RESET)
    __main                                   0x080000ed   Thumb Code     0  entry.o(.ARM.Collect$$$$00000000)
    _main_stk                                0x080000ed   Thumb Code     0  entry2.o(.ARM.Collect$$$$00000001)
    _main_scatterload                        0x080000f1   Thumb Code     0  entry5.o(.ARM.Collect$$$$00000004)
    __main_after_scatterload                 0x080000f5   Thumb Code     0  entry5.o(.ARM.Collect$$$$00000004)
    _main_clock                              0x080000f5   Thumb Code     0  entry7b.o(.ARM.Collect$$$$00000008)
    _main_cpp_init                           0x080000f5   Thumb Code     0  entry8b.o(.ARM.Collect$$$$0000000A)
    _main_init                               0x080000f5   Thumb Code     0  entry9a.o(.ARM.Collect$$$$0000000B)
    __rt_final_cpp                           0x080000fd   Thumb Code     0  entry10a.o(.ARM.Collect$$$$0000000D)
    __rt_final_exit                          0x080000fd   Thumb Code     0  entry11a.o(.ARM.Collect$$$$0000000F)
    Reset_Handler                            0x08000101   Thumb Code     8  startup_stm32f103xb.o(.text)
    ADC1_2_IRQHandler                        0x0800011b   Thumb Code     0  startup_stm32f103xb.o(.text)
    CAN1_RX1_IRQHandler                      0x0800011b   Thumb Code     0  startup_stm32f103xb.o(.text)
    CAN1_SCE_IRQHandler                      0x0800011b   Thumb Code     0  startup_stm32f103xb.o(.text)
    DMA1_Channel1_IRQHandler                 0x0800011b   Thumb Code     0  startup_stm32f103xb.o(.text)
    DMA1_Channel2_IRQHandler                 0x0800011b   Thumb Code     0  startup_stm32f103xb.o(.text)
    DMA1_Channel3_IRQHandler                 0x0800011b   Thumb Code     0  startup_stm32f103xb.o(.text)
    DMA1_Channel4_IRQHandler                 0x0800011b   Thumb Code     0  startup_stm32f103xb.o(.text)
    DMA1_Channel5_IRQHandler                 0x0800011b   Thumb Code     0  startup_stm32f103xb.o(.text)
    DMA1_Channel6_IRQHandler                 0x0800011b   Thumb Code     0  startup_stm32f103xb.o(.text)
    DMA1_Channel7_IRQHandler                 0x0800011b   Thumb Code     0  startup_stm32f103xb.o(.text)
    EXTI0_IRQHandler                         0x0800011b   Thumb Code     0  startup_stm32f103xb.o(.text)
    EXTI15_10_IRQHandler                     0x0800011b   Thumb Code     0  startup_stm32f103xb.o(.text)
    EXTI1_IRQHandler                         0x0800011b   Thumb Code     0  startup_stm32f103xb.o(.text)
    EXTI2_IRQHandler                         0x0800011b   Thumb Code     0  startup_stm32f103xb.o(.text)
    EXTI3_IRQHandler                         0x0800011b   Thumb Code     0  startup_stm32f103xb.o(.text)
    EXTI4_IRQHandler                         0x0800011b   Thumb Code     0  startup_stm32f103xb.o(.text)
    EXTI9_5_IRQHandler                       0x0800011b   Thumb Code     0  startup_stm32f103xb.o(.text)
    FLASH_IRQHandler                         0x0800011b   Thumb Code     0  startup_stm32f103xb.o(.text)
    I2C1_ER_IRQHandler                       0x0800011b   Thumb Code     0  startup_stm32f103xb.o(.text)
    I2C1_EV_IRQHandler                       0x0800011b   Thumb Code     0  startup_stm32f103xb.o(.text)
    I2C2_ER_IRQHandler                       0x0800011b   Thumb Code     0  startup_stm32f103xb.o(.text)
    I2C2_EV_IRQHandler                       0x0800011b   Thumb Code     0  startup_stm32f103xb.o(.text)
    PVD_IRQHandler                           0x0800011b   Thumb Code     0  startup_stm32f103xb.o(.text)
    RCC_IRQHandler                           0x0800011b   Thumb Code     0  startup_stm32f103xb.o(.text)
    RTC_Alarm_IRQHandler                     0x0800011b   Thumb Code     0  startup_stm32f103xb.o(.text)
    RTC_IRQHandler                           0x0800011b   Thumb Code     0  startup_stm32f103xb.o(.text)
    SPI1_IRQHandler                          0x0800011b   Thumb Code     0  startup_stm32f103xb.o(.text)
    SPI2_IRQHandler                          0x0800011b   Thumb Code     0  startup_stm32f103xb.o(.text)
    TAMPER_IRQHandler                        0x0800011b   Thumb Code     0  startup_stm32f103xb.o(.text)
    TIM1_BRK_IRQHandler                      0x0800011b   Thumb Code     0  startup_stm32f103xb.o(.text)
    TIM1_CC_IRQHandler                       0x0800011b   Thumb Code     0  startup_stm32f103xb.o(.text)
    TIM1_TRG_COM_IRQHandler                  0x0800011b   Thumb Code     0  startup_stm32f103xb.o(.text)
    TIM1_UP_IRQHandler                       0x0800011b   Thumb Code     0  startup_stm32f103xb.o(.text)
    TIM2_IRQHandler                          0x0800011b   Thumb Code     0  startup_stm32f103xb.o(.text)
    TIM3_IRQHandler                          0x0800011b   Thumb Code     0  startup_stm32f103xb.o(.text)
    TIM4_IRQHandler                          0x0800011b   Thumb Code     0  startup_stm32f103xb.o(.text)
    USART1_IRQHandler                        0x0800011b   Thumb Code     0  startup_stm32f103xb.o(.text)
    USART2_IRQHandler                        0x0800011b   Thumb Code     0  startup_stm32f103xb.o(.text)
    USART3_IRQHandler                        0x0800011b   Thumb Code     0  startup_stm32f103xb.o(.text)
    USBWakeUp_IRQHandler                     0x0800011b   Thumb Code     0  startup_stm32f103xb.o(.text)
    USB_HP_CAN1_TX_IRQHandler                0x0800011b   Thumb Code     0  startup_stm32f103xb.o(.text)
    WWDG_IRQHandler                          0x0800011b   Thumb Code     0  startup_stm32f103xb.o(.text)
    __aeabi_memcpy                           0x08000125   Thumb Code    36  memcpya.o(.text)
    __aeabi_memcpy4                          0x08000125   Thumb Code     0  memcpya.o(.text)
    __aeabi_memcpy8                          0x08000125   Thumb Code     0  memcpya.o(.text)
    __scatterload                            0x08000149   Thumb Code    28  init.o(.text)
    __scatterload_rt2                        0x08000149   Thumb Code     0  init.o(.text)
    __decompress                             0x0800016d   Thumb Code     0  __dczerorl2.o(.text)
    __decompress1                            0x0800016d   Thumb Code    86  __dczerorl2.o(.text)
    BusFault_Handler                         0x080001c3   Thumb Code     2  stm32f1xx_it.o(i.BusFault_Handler)
    CDC_Transmit_FS                          0x08000209   Thumb Code    38  usbd_cdc_if.o(i.CDC_Transmit_FS)
    DebugMon_Handler                         0x08000235   Thumb Code     2  stm32f1xx_it.o(i.DebugMon_Handler)
    HAL_Delay                                0x08000239   Thumb Code    32  stm32f1xx_hal.o(i.HAL_Delay)
    HAL_GPIO_Init                            0x0800025d   Thumb Code   408  stm32f1xx_hal_gpio.o(i.HAL_GPIO_Init)
    HAL_GPIO_WritePin                        0x08000419   Thumb Code    10  stm32f1xx_hal_gpio.o(i.HAL_GPIO_WritePin)
    HAL_GetTick                              0x08000425   Thumb Code     6  stm32f1xx_hal.o(i.HAL_GetTick)
    HAL_I2C_Init                             0x08000431   Thumb Code   302  stm32f1xx_hal_i2c.o(i.HAL_I2C_Init)
    HAL_I2C_Master_Receive                   0x08000571   Thumb Code   516  stm32f1xx_hal_i2c.o(i.HAL_I2C_Master_Receive)
    HAL_I2C_Master_Transmit                  0x08000781   Thumb Code   304  stm32f1xx_hal_i2c.o(i.HAL_I2C_Master_Transmit)
    HAL_I2C_MspInit                          0x080008b9   Thumb Code    54  stm32f1xx_hal_msp.o(i.HAL_I2C_MspInit)
    HAL_IncTick                              0x080008fd   Thumb Code    12  stm32f1xx_hal.o(i.HAL_IncTick)
    HAL_Init                                 0x0800090d   Thumb Code    32  stm32f1xx_hal.o(i.HAL_Init)
    HAL_InitTick                             0x08000931   Thumb Code    54  stm32f1xx_hal.o(i.HAL_InitTick)
    HAL_MspInit                              0x08000971   Thumb Code   118  stm32f1xx_hal_msp.o(i.HAL_MspInit)
    HAL_NVIC_EnableIRQ                       0x080009f1   Thumb Code    22  stm32f1xx_hal_cortex.o(i.HAL_NVIC_EnableIRQ)
    HAL_NVIC_SetPriority                     0x08000a09   Thumb Code    60  stm32f1xx_hal_cortex.o(i.HAL_NVIC_SetPriority)
    HAL_NVIC_SetPriorityGrouping             0x08000a49   Thumb Code    26  stm32f1xx_hal_cortex.o(i.HAL_NVIC_SetPriorityGrouping)
    HAL_PCDEx_PMAConfig                      0x08000a6d   Thumb Code    52  stm32f1xx_hal_pcd_ex.o(i.HAL_PCDEx_PMAConfig)
    HAL_PCDEx_SetConnectionState             0x08000aa1   Thumb Code     2  usbd_conf.o(i.HAL_PCDEx_SetConnectionState)
    HAL_PCD_DataInStageCallback              0x08000aa3   Thumb Code    14  usbd_conf.o(i.HAL_PCD_DataInStageCallback)
    HAL_PCD_DataOutStageCallback             0x08000ab1   Thumb Code    16  usbd_conf.o(i.HAL_PCD_DataOutStageCallback)
    HAL_PCD_EP_Close                         0x08000ac1   Thumb Code    64  stm32f1xx_hal_pcd.o(i.HAL_PCD_EP_Close)
    HAL_PCD_EP_ClrStall                      0x08000b01   Thumb Code    72  stm32f1xx_hal_pcd.o(i.HAL_PCD_EP_ClrStall)
    HAL_PCD_EP_GetRxCount                    0x08000b49   Thumb Code    16  stm32f1xx_hal_pcd.o(i.HAL_PCD_EP_GetRxCount)
    HAL_PCD_EP_Open                          0x08000b59   Thumb Code    68  stm32f1xx_hal_pcd.o(i.HAL_PCD_EP_Open)
    HAL_PCD_EP_Receive                       0x08000b9d   Thumb Code    46  stm32f1xx_hal_pcd.o(i.HAL_PCD_EP_Receive)
    HAL_PCD_EP_SetStall                      0x08000bcb   Thumb Code    86  stm32f1xx_hal_pcd.o(i.HAL_PCD_EP_SetStall)
    HAL_PCD_EP_Transmit                      0x08000c21   Thumb Code    42  stm32f1xx_hal_pcd.o(i.HAL_PCD_EP_Transmit)
    HAL_PCD_IRQHandler                       0x08000c4b   Thumb Code   268  stm32f1xx_hal_pcd.o(i.HAL_PCD_IRQHandler)
    HAL_PCD_Init                             0x08000d59   Thumb Code   192  stm32f1xx_hal_pcd.o(i.HAL_PCD_Init)
    HAL_PCD_MspInit                          0x08000e19   Thumb Code    50  usbd_conf.o(i.HAL_PCD_MspInit)
    HAL_PCD_ResetCallback                    0x08000e55   Thumb Code    26  usbd_conf.o(i.HAL_PCD_ResetCallback)
    HAL_PCD_ResumeCallback                   0x08000e6f   Thumb Code     8  usbd_conf.o(i.HAL_PCD_ResumeCallback)
    HAL_PCD_SOFCallback                      0x08000e77   Thumb Code     8  usbd_conf.o(i.HAL_PCD_SOFCallback)
    HAL_PCD_SetAddress                       0x08000e7f   Thumb Code    40  stm32f1xx_hal_pcd.o(i.HAL_PCD_SetAddress)
    HAL_PCD_SetupStageCallback               0x08000ea7   Thumb Code    14  usbd_conf.o(i.HAL_PCD_SetupStageCallback)
    HAL_PCD_Start                            0x08000eb5   Thumb Code    50  stm32f1xx_hal_pcd.o(i.HAL_PCD_Start)
    HAL_PCD_SuspendCallback                  0x08000ee9   Thumb Code    30  usbd_conf.o(i.HAL_PCD_SuspendCallback)
    HAL_RCCEx_PeriphCLKConfig                0x08000f0d   Thumb Code   224  stm32f1xx_hal_rcc_ex.o(i.HAL_RCCEx_PeriphCLKConfig)
    HAL_RCC_ClockConfig                      0x08000ff9   Thumb Code   322  stm32f1xx_hal_rcc.o(i.HAL_RCC_ClockConfig)
    HAL_RCC_GetHCLKFreq                      0x0800114d   Thumb Code     6  stm32f1xx_hal_rcc.o(i.HAL_RCC_GetHCLKFreq)
    HAL_RCC_GetPCLK1Freq                     0x08001159   Thumb Code    20  stm32f1xx_hal_rcc.o(i.HAL_RCC_GetPCLK1Freq)
    HAL_RCC_GetSysClockFreq                  0x08001179   Thumb Code    74  stm32f1xx_hal_rcc.o(i.HAL_RCC_GetSysClockFreq)
    HAL_RCC_OscConfig                        0x080011e5   Thumb Code   750  stm32f1xx_hal_rcc.o(i.HAL_RCC_OscConfig)
    HAL_SYSTICK_CLKSourceConfig              0x080014e9   Thumb Code    24  stm32f1xx_hal_cortex.o(i.HAL_SYSTICK_CLKSourceConfig)
    HAL_SYSTICK_Callback                     0x08001501   Thumb Code     2  stm32f1xx_hal_cortex.o(i.HAL_SYSTICK_Callback)
    HAL_SYSTICK_Config                       0x08001503   Thumb Code    40  stm32f1xx_hal_cortex.o(i.HAL_SYSTICK_Config)
    HAL_SYSTICK_IRQHandler                   0x0800152b   Thumb Code     8  stm32f1xx_hal_cortex.o(i.HAL_SYSTICK_IRQHandler)
    HardFault_Handler                        0x08001533   Thumb Code     2  stm32f1xx_it.o(i.HardFault_Handler)
    MX_USB_DEVICE_Init                       0x08001965   Thumb Code    38  usb_device.o(i.MX_USB_DEVICE_Init)
    MemManage_Handler                        0x0800199d   Thumb Code     2  stm32f1xx_it.o(i.MemManage_Handler)
    NMI_Handler                              0x0800199f   Thumb Code     2  stm32f1xx_it.o(i.NMI_Handler)
    PendSV_Handler                           0x08001d23   Thumb Code     2  stm32f1xx_it.o(i.PendSV_Handler)
    SVC_Handler                              0x08001d25   Thumb Code     2  stm32f1xx_it.o(i.SVC_Handler)
    SysTick_Handler                          0x08001d27   Thumb Code    14  stm32f1xx_it.o(i.SysTick_Handler)
    SystemClock_Config                       0x08001d35   Thumb Code   120  main.o(i.SystemClock_Config)
    SystemInit                               0x08001dad   Thumb Code    56  system_stm32f1xx.o(i.SystemInit)
    USBD_CDC_GetDeviceQualifierDescriptor    0x08001e99   Thumb Code     8  usbd_cdc.o(i.USBD_CDC_GetDeviceQualifierDescriptor)
    USBD_CDC_ReceivePacket                   0x08001f51   Thumb Code    40  usbd_cdc.o(i.USBD_CDC_ReceivePacket)
    USBD_CDC_RegisterInterface               0x08001f79   Thumb Code    16  usbd_cdc.o(i.USBD_CDC_RegisterInterface)
    USBD_CDC_SetRxBuffer                     0x08001f89   Thumb Code    12  usbd_cdc.o(i.USBD_CDC_SetRxBuffer)
    USBD_CDC_SetTxBuffer                     0x08001f95   Thumb Code    16  usbd_cdc.o(i.USBD_CDC_SetTxBuffer)
    USBD_CDC_TransmitPacket                  0x08002015   Thumb Code    48  usbd_cdc.o(i.USBD_CDC_TransmitPacket)
    USBD_ClrClassConfig                      0x08002045   Thumb Code    14  usbd_core.o(i.USBD_ClrClassConfig)
    USBD_CtlContinueRx                       0x08002053   Thumb Code    16  usbd_ioreq.o(i.USBD_CtlContinueRx)
    USBD_CtlContinueSendData                 0x08002063   Thumb Code    16  usbd_ioreq.o(i.USBD_CtlContinueSendData)
    USBD_CtlError                            0x08002073   Thumb Code    22  usbd_ctlreq.o(i.USBD_CtlError)
    USBD_CtlPrepareRx                        0x08002089   Thumb Code    30  usbd_ioreq.o(i.USBD_CtlPrepareRx)
    USBD_CtlReceiveStatus                    0x080020a7   Thumb Code    22  usbd_ioreq.o(i.USBD_CtlReceiveStatus)
    USBD_CtlSendData                         0x080020bd   Thumb Code    26  usbd_ioreq.o(i.USBD_CtlSendData)
    USBD_CtlSendStatus                       0x080020d7   Thumb Code    22  usbd_ioreq.o(i.USBD_CtlSendStatus)
    USBD_FS_ConfigStrDescriptor              0x080020ed   Thumb Code    16  usbd_desc.o(i.USBD_FS_ConfigStrDescriptor)
    USBD_FS_DeviceDescriptor                 0x0800210d   Thumb Code     8  usbd_desc.o(i.USBD_FS_DeviceDescriptor)
    USBD_FS_InterfaceStrDescriptor           0x08002119   Thumb Code    16  usbd_desc.o(i.USBD_FS_InterfaceStrDescriptor)
    USBD_FS_LangIDStrDescriptor              0x0800213d   Thumb Code     8  usbd_desc.o(i.USBD_FS_LangIDStrDescriptor)
    USBD_FS_ManufacturerStrDescriptor        0x08002149   Thumb Code    16  usbd_desc.o(i.USBD_FS_ManufacturerStrDescriptor)
    USBD_FS_ProductStrDescriptor             0x08002171   Thumb Code    16  usbd_desc.o(i.USBD_FS_ProductStrDescriptor)
    USBD_FS_SerialStrDescriptor              0x0800219d   Thumb Code    16  usbd_desc.o(i.USBD_FS_SerialStrDescriptor)
    USBD_GetString                           0x080022a1   Thumb Code    70  usbd_ctlreq.o(i.USBD_GetString)
    USBD_Init                                0x080022e7   Thumb Code    42  usbd_core.o(i.USBD_Init)
    USBD_LL_ClearStallEP                     0x08002311   Thumb Code    32  usbd_conf.o(i.USBD_LL_ClearStallEP)
    USBD_LL_CloseEP                          0x08002331   Thumb Code    32  usbd_conf.o(i.USBD_LL_CloseEP)
    USBD_LL_DataInStage                      0x08002351   Thumb Code   170  usbd_core.o(i.USBD_LL_DataInStage)
    USBD_LL_DataOutStage                     0x080023fb   Thumb Code   106  usbd_core.o(i.USBD_LL_DataOutStage)
    USBD_LL_GetRxDataSize                    0x08002465   Thumb Code     8  usbd_conf.o(i.USBD_LL_GetRxDataSize)
    USBD_LL_Init                             0x0800246d   Thumb Code   130  usbd_conf.o(i.USBD_LL_Init)
    USBD_LL_IsStallEP                        0x0800250d   Thumb Code    28  usbd_conf.o(i.USBD_LL_IsStallEP)
    USBD_LL_OpenEP                           0x08002529   Thumb Code    38  usbd_conf.o(i.USBD_LL_OpenEP)
    USBD_LL_PrepareReceive                   0x0800254f   Thumb Code    32  usbd_conf.o(i.USBD_LL_PrepareReceive)
    USBD_LL_Reset                            0x0800256f   Thumb Code    62  usbd_core.o(i.USBD_LL_Reset)
    USBD_LL_Resume                           0x080025ad   Thumb Code    12  usbd_core.o(i.USBD_LL_Resume)
    USBD_LL_SOF                              0x080025b9   Thumb Code    24  usbd_core.o(i.USBD_LL_SOF)
    USBD_LL_SetSpeed                         0x080025d1   Thumb Code     6  usbd_core.o(i.USBD_LL_SetSpeed)
    USBD_LL_SetUSBAddress                    0x080025d7   Thumb Code    32  usbd_conf.o(i.USBD_LL_SetUSBAddress)
    USBD_LL_SetupStage                       0x080025f7   Thumb Code    90  usbd_core.o(i.USBD_LL_SetupStage)
    USBD_LL_StallEP                          0x08002651   Thumb Code    32  usbd_conf.o(i.USBD_LL_StallEP)
    USBD_LL_Start                            0x08002671   Thumb Code    32  usbd_conf.o(i.USBD_LL_Start)
    USBD_LL_Suspend                          0x08002691   Thumb Code    18  usbd_core.o(i.USBD_LL_Suspend)
    USBD_LL_Transmit                         0x080026a3   Thumb Code    32  usbd_conf.o(i.USBD_LL_Transmit)
    USBD_ParseSetupRequest                   0x080026c3   Thumb Code    40  usbd_ctlreq.o(i.USBD_ParseSetupRequest)
    USBD_RegisterClass                       0x080026eb   Thumb Code    16  usbd_core.o(i.USBD_RegisterClass)
    USBD_SetClassConfig                      0x080026fb   Thumb Code    22  usbd_core.o(i.USBD_SetClassConfig)
    USBD_Start                               0x08002785   Thumb Code    10  usbd_core.o(i.USBD_Start)
    USBD_StdDevReq                           0x0800278f   Thumb Code   242  usbd_ctlreq.o(i.USBD_StdDevReq)
    USBD_StdEPReq                            0x08002881   Thumb Code   220  usbd_ctlreq.o(i.USBD_StdEPReq)
    USBD_StdItfReq                           0x0800295d   Thumb Code    52  usbd_ctlreq.o(i.USBD_StdItfReq)
    USBD_static_free                         0x08002991   Thumb Code     2  usbd_conf.o(i.USBD_static_free)
    USBD_static_malloc                       0x08002995   Thumb Code     4  usbd_conf.o(i.USBD_static_malloc)
    USB_ActivateEndpoint                     0x0800299d   Thumb Code   604  stm32f1xx_ll_usb.o(i.USB_ActivateEndpoint)
    USB_CoreInit                             0x08002bf9   Thumb Code     4  stm32f1xx_ll_usb.o(i.USB_CoreInit)
    USB_DeactivateEndpoint                   0x08002bfd   Thumb Code   292  stm32f1xx_ll_usb.o(i.USB_DeactivateEndpoint)
    USB_DevConnect                           0x08002d21   Thumb Code     4  stm32f1xx_ll_usb.o(i.USB_DevConnect)
    USB_DevDisconnect                        0x08002d25   Thumb Code     4  stm32f1xx_ll_usb.o(i.USB_DevDisconnect)
    USB_DevInit                              0x08002d29   Thumb Code    30  stm32f1xx_ll_usb.o(i.USB_DevInit)
    USB_DisableGlobalInt                     0x08002d47   Thumb Code    14  stm32f1xx_ll_usb.o(i.USB_DisableGlobalInt)
    USB_EP0_OutStart                         0x08002d55   Thumb Code     4  stm32f1xx_ll_usb.o(i.USB_EP0_OutStart)
    USB_EPClearStall                         0x08002d59   Thumb Code   106  stm32f1xx_ll_usb.o(i.USB_EPClearStall)
    USB_EPSetStall                           0x08002dc3   Thumb Code    74  stm32f1xx_ll_usb.o(i.USB_EPSetStall)
    USB_EPStartXfer                          0x08002e0d   Thumb Code   426  stm32f1xx_ll_usb.o(i.USB_EPStartXfer)
    USB_EnableGlobalInt                      0x08002fb7   Thumb Code    14  stm32f1xx_ll_usb.o(i.USB_EnableGlobalInt)
    USB_LP_CAN1_RX0_IRQHandler               0x08002fc5   Thumb Code     6  stm32f1xx_it.o(i.USB_LP_CAN1_RX0_IRQHandler)
    USB_ReadInterrupts                       0x08002fd1   Thumb Code     6  stm32f1xx_ll_usb.o(i.USB_ReadInterrupts)
    USB_ReadPMA                              0x08002fd9   Thumb Code    30  stm32f1xx_ll_usb.o(i.USB_ReadPMA)
    USB_SetCurrentMode                       0x08002ff7   Thumb Code     4  stm32f1xx_ll_usb.o(i.USB_SetCurrentMode)
    USB_SetDevAddress                        0x08002ffb   Thumb Code    12  stm32f1xx_ll_usb.o(i.USB_SetDevAddress)
    USB_WritePMA                             0x08003007   Thumb Code    38  stm32f1xx_ll_usb.o(i.USB_WritePMA)
    UsageFault_Handler                       0x0800302d   Thumb Code     2  stm32f1xx_it.o(i.UsageFault_Handler)
    _Error_Handler                           0x0800302f   Thumb Code     2  main.o(i._Error_Handler)
    __scatterload_copy                       0x08003031   Thumb Code    14  handlers.o(i.__scatterload_copy)
    __scatterload_null                       0x0800303f   Thumb Code     2  handlers.o(i.__scatterload_null)
    __scatterload_zeroinit                   0x08003041   Thumb Code    14  handlers.o(i.__scatterload_zeroinit)
    main                                     0x0800304f   Thumb Code    70  main.o(i.main)
    mpu9250ReadReg                           0x08003095   Thumb Code    44  mpu9250_i2c.o(i.mpu9250ReadReg)
    mpu9250WriteReg                          0x080030c5   Thumb Code    30  mpu9250_i2c.o(i.mpu9250WriteReg)
    mpuBegin                                 0x080030e9   Thumb Code   340  mpu9250_i2c.o(i.mpuBegin)
    mpuReadSensor                            0x08003241   Thumb Code    84  mpu9250_i2c.o(i.mpuReadSensor)
    readAK8963Registers                      0x08003299   Thumb Code    84  mpu9250_i2c.o(i.readAK8963Registers)
    readRegisters                            0x080032ed   Thumb Code    16  mpu9250_i2c.o(i.readRegisters)
    whoAmI                                   0x080032fd   Thumb Code    28  mpu9250_i2c.o(i.whoAmI)
    whoAmIAK8963                             0x0800331d   Thumb Code    28  mpu9250_i2c.o(i.whoAmIAK8963)
    writeAK8963Register                      0x0800333d   Thumb Code   116  mpu9250_i2c.o(i.writeAK8963Register)
    writeRegister                            0x080033b5   Thumb Code    44  mpu9250_i2c.o(i.writeRegister)
    AHBPrescTable                            0x080033e4   Data          16  system_stm32f1xx.o(.constdata)
    APBPrescTable                            0x080033f4   Data           8  system_stm32f1xx.o(.constdata)
    Region$$Table$$Base                      0x080033fc   Number         0  anon$$obj.o(Region$$Table)
    Region$$Table$$Limit                     0x0800341c   Number         0  anon$$obj.o(Region$$Table)
    SystemCoreClock                          0x20000000   Data           4  system_stm32f1xx.o(.data)
    uwTickFreq                               0x20000004   Data           1  stm32f1xx_hal.o(.data)
    uwTickPrio                               0x20000008   Data           4  stm32f1xx_hal.o(.data)
    uwTick                                   0x2000000c   Data           4  stm32f1xx_hal.o(.data)
    USBD_Interface_fops_FS                   0x20000010   Data          16  usbd_cdc_if.o(.data)
    FS_Desc                                  0x20000020   Data          28  usbd_desc.o(.data)
    USBD_LangIDDesc                          0x2000003c   Data           4  usbd_desc.o(.data)
    USBD_FS_DeviceDesc                       0x20000040   Data          18  usbd_desc.o(.data)
    USBD_CDC_CfgHSDesc                       0x20000064   Data          67  usbd_cdc.o(.data)
    USBD_CDC_CfgFSDesc                       0x200000a8   Data          67  usbd_cdc.o(.data)
    USBD_CDC_OtherSpeedCfgDesc               0x200000ec   Data          67  usbd_cdc.o(.data)
    USBD_CDC                                 0x20000130   Data          56  usbd_cdc.o(.data)
    hi2c1                                    0x20000168   Data          84  main.o(.bss)
    UserRxBufferFS                           0x200001bc   Data        1000  usbd_cdc_if.o(.bss)
    UserTxBufferFS                           0x200005a4   Data        1000  usbd_cdc_if.o(.bss)
    hpcd_USB_FS                              0x20000bac   Data        1120  usbd_conf.o(.bss)
    USBD_StrDesc                             0x2000100c   Data         512  usbd_desc.o(.bss)
    hUsbDeviceFS                             0x2000120c   Data         548  usb_device.o(.bss)
    _buffer                                  0x20001430   Data          21  mpu9250_i2c.o(.bss)
    __initial_sp                             0x20001848   Data           0  startup_stm32f103xb.o(STACK)



==============================================================================

Memory Map of the image

  Image Entry point : 0x080000ed

  Load Region LR_IROM1 (Base: 0x08000000, Size: 0x00003584, Max: 0x00010000, ABSOLUTE, COMPRESSED[0x000034dc])

    Execution Region ER_IROM1 (Base: 0x08000000, Size: 0x0000341c, Max: 0x00010000, ABSOLUTE)

    Base Addr    Size         Type   Attr      Idx    E Section Name        Object

    0x08000000   0x000000ec   Data   RO            3    RESET               startup_stm32f103xb.o
    0x080000ec   0x00000000   Code   RO         3037  * .ARM.Collect$$$$00000000  mc_w.l(entry.o)
    0x080000ec   0x00000004   Code   RO         3046    .ARM.Collect$$$$00000001  mc_w.l(entry2.o)
    0x080000f0   0x00000004   Code   RO         3049    .ARM.Collect$$$$00000004  mc_w.l(entry5.o)
    0x080000f4   0x00000000   Code   RO         3051    .ARM.Collect$$$$00000008  mc_w.l(entry7b.o)
    0x080000f4   0x00000000   Code   RO         3053    .ARM.Collect$$$$0000000A  mc_w.l(entry8b.o)
    0x080000f4   0x00000008   Code   RO         3054    .ARM.Collect$$$$0000000B  mc_w.l(entry9a.o)
    0x080000fc   0x00000000   Code   RO         3056    .ARM.Collect$$$$0000000D  mc_w.l(entry10a.o)
    0x080000fc   0x00000000   Code   RO         3058    .ARM.Collect$$$$0000000F  mc_w.l(entry11a.o)
    0x080000fc   0x00000004   Code   RO         3047    .ARM.Collect$$$$00002712  mc_w.l(entry2.o)
    0x08000100   0x00000024   Code   RO            4    .text               startup_stm32f103xb.o
    0x08000124   0x00000024   Code   RO         3042    .text               mc_w.l(memcpya.o)
    0x08000148   0x00000024   Code   RO         3060    .text               mc_w.l(init.o)
    0x0800016c   0x00000056   Code   RO         3070    .text               mc_w.l(__dczerorl2.o)
    0x080001c2   0x00000002   Code   RO         1999    i.BusFault_Handler  stm32f1xx_it.o
    0x080001c4   0x00000004   Code   RO         2117    i.CDC_Control_FS    usbd_cdc_if.o
    0x080001c8   0x00000004   Code   RO         2118    i.CDC_DeInit_FS     usbd_cdc_if.o
    0x080001cc   0x00000024   Code   RO         2119    i.CDC_Init_FS       usbd_cdc_if.o
    0x080001f0   0x00000018   Code   RO         2120    i.CDC_Receive_FS    usbd_cdc_if.o
    0x08000208   0x0000002c   Code   RO         2121    i.CDC_Transmit_FS   usbd_cdc_if.o
    0x08000234   0x00000002   Code   RO         2000    i.DebugMon_Handler  stm32f1xx_it.o
    0x08000236   0x00000002   PAD
    0x08000238   0x00000024   Code   RO          948    i.HAL_Delay         stm32f1xx_hal.o
    0x0800025c   0x000001bc   Code   RO         1288    i.HAL_GPIO_Init     stm32f1xx_hal_gpio.o
    0x08000418   0x0000000a   Code   RO         1292    i.HAL_GPIO_WritePin  stm32f1xx_hal_gpio.o
    0x08000422   0x00000002   PAD
    0x08000424   0x0000000c   Code   RO          952    i.HAL_GetTick       stm32f1xx_hal.o
    0x08000430   0x00000140   Code   RO          554    i.HAL_I2C_Init      stm32f1xx_hal_i2c.o
    0x08000570   0x00000210   Code   RO          560    i.HAL_I2C_Master_Receive  stm32f1xx_hal_i2c.o
    0x08000780   0x00000138   Code   RO          565    i.HAL_I2C_Master_Transmit  stm32f1xx_hal_i2c.o
    0x080008b8   0x00000044   Code   RO         2082    i.HAL_I2C_MspInit   stm32f1xx_hal_msp.o
    0x080008fc   0x00000010   Code   RO          956    i.HAL_IncTick       stm32f1xx_hal.o
    0x0800090c   0x00000024   Code   RO          957    i.HAL_Init          stm32f1xx_hal.o
    0x08000930   0x00000040   Code   RO          958    i.HAL_InitTick      stm32f1xx_hal.o
    0x08000970   0x00000080   Code   RO         2083    i.HAL_MspInit       stm32f1xx_hal_msp.o
    0x080009f0   0x00000016   Code   RO          240    i.HAL_NVIC_EnableIRQ  stm32f1xx_hal_cortex.o
    0x08000a06   0x00000002   PAD
    0x08000a08   0x00000040   Code   RO          246    i.HAL_NVIC_SetPriority  stm32f1xx_hal_cortex.o
    0x08000a48   0x00000024   Code   RO          247    i.HAL_NVIC_SetPriorityGrouping  stm32f1xx_hal_cortex.o
    0x08000a6c   0x00000034   Code   RO         1686    i.HAL_PCDEx_PMAConfig  stm32f1xx_hal_pcd_ex.o
    0x08000aa0   0x00000002   Code   RO         2182    i.HAL_PCDEx_SetConnectionState  usbd_conf.o
    0x08000aa2   0x0000000e   Code   RO         2184    i.HAL_PCD_DataInStageCallback  usbd_conf.o
    0x08000ab0   0x00000010   Code   RO         2185    i.HAL_PCD_DataOutStageCallback  usbd_conf.o
    0x08000ac0   0x00000040   Code   RO         1725    i.HAL_PCD_EP_Close  stm32f1xx_hal_pcd.o
    0x08000b00   0x00000048   Code   RO         1726    i.HAL_PCD_EP_ClrStall  stm32f1xx_hal_pcd.o
    0x08000b48   0x00000010   Code   RO         1728    i.HAL_PCD_EP_GetRxCount  stm32f1xx_hal_pcd.o
    0x08000b58   0x00000044   Code   RO         1729    i.HAL_PCD_EP_Open   stm32f1xx_hal_pcd.o
    0x08000b9c   0x0000002e   Code   RO         1730    i.HAL_PCD_EP_Receive  stm32f1xx_hal_pcd.o
    0x08000bca   0x00000056   Code   RO         1731    i.HAL_PCD_EP_SetStall  stm32f1xx_hal_pcd.o
    0x08000c20   0x0000002a   Code   RO         1732    i.HAL_PCD_EP_Transmit  stm32f1xx_hal_pcd.o
    0x08000c4a   0x0000010c   Code   RO         1734    i.HAL_PCD_IRQHandler  stm32f1xx_hal_pcd.o
    0x08000d56   0x00000002   PAD
    0x08000d58   0x000000c0   Code   RO         1737    i.HAL_PCD_Init      stm32f1xx_hal_pcd.o
    0x08000e18   0x0000003c   Code   RO         2190    i.HAL_PCD_MspInit   usbd_conf.o
    0x08000e54   0x0000001a   Code   RO         2191    i.HAL_PCD_ResetCallback  usbd_conf.o
    0x08000e6e   0x00000008   Code   RO         2192    i.HAL_PCD_ResumeCallback  usbd_conf.o
    0x08000e76   0x00000008   Code   RO         2193    i.HAL_PCD_SOFCallback  usbd_conf.o
    0x08000e7e   0x00000028   Code   RO         1743    i.HAL_PCD_SetAddress  stm32f1xx_hal_pcd.o
    0x08000ea6   0x0000000e   Code   RO         2194    i.HAL_PCD_SetupStageCallback  usbd_conf.o
    0x08000eb4   0x00000032   Code   RO         1745    i.HAL_PCD_Start     stm32f1xx_hal_pcd.o
    0x08000ee6   0x00000002   PAD
    0x08000ee8   0x00000024   Code   RO         2195    i.HAL_PCD_SuspendCallback  usbd_conf.o
    0x08000f0c   0x000000ec   Code   RO         1156    i.HAL_RCCEx_PeriphCLKConfig  stm32f1xx_hal_rcc_ex.o
    0x08000ff8   0x00000154   Code   RO          133    i.HAL_RCC_ClockConfig  stm32f1xx_hal_rcc.o
    0x0800114c   0x0000000c   Code   RO          138    i.HAL_RCC_GetHCLKFreq  stm32f1xx_hal_rcc.o
    0x08001158   0x00000020   Code   RO          140    i.HAL_RCC_GetPCLK1Freq  stm32f1xx_hal_rcc.o
    0x08001178   0x0000006c   Code   RO          142    i.HAL_RCC_GetSysClockFreq  stm32f1xx_hal_rcc.o
    0x080011e4   0x00000304   Code   RO          145    i.HAL_RCC_OscConfig  stm32f1xx_hal_rcc.o
    0x080014e8   0x00000018   Code   RO          249    i.HAL_SYSTICK_CLKSourceConfig  stm32f1xx_hal_cortex.o
    0x08001500   0x00000002   Code   RO          250    i.HAL_SYSTICK_Callback  stm32f1xx_hal_cortex.o
    0x08001502   0x00000028   Code   RO          251    i.HAL_SYSTICK_Config  stm32f1xx_hal_cortex.o
    0x0800152a   0x00000008   Code   RO          252    i.HAL_SYSTICK_IRQHandler  stm32f1xx_hal_cortex.o
    0x08001532   0x00000002   Code   RO         2001    i.HardFault_Handler  stm32f1xx_it.o
    0x08001534   0x00000028   Code   RO          592    i.I2C_IsAcknowledgeFailed  stm32f1xx_hal_i2c.o
    0x0800155c   0x000000de   Code   RO          595    i.I2C_MasterRequestRead  stm32f1xx_hal_i2c.o
    0x0800163a   0x00000002   PAD
    0x0800163c   0x00000094   Code   RO          596    i.I2C_MasterRequestWrite  stm32f1xx_hal_i2c.o
    0x080016d0   0x0000004e   Code   RO          605    i.I2C_WaitOnBTFFlagUntilTimeout  stm32f1xx_hal_i2c.o
    0x0800171e   0x00000060   Code   RO          606    i.I2C_WaitOnFlagUntilTimeout  stm32f1xx_hal_i2c.o
    0x0800177e   0x00000002   PAD
    0x08001780   0x00000088   Code   RO          607    i.I2C_WaitOnMasterAddressFlagUntilTimeout  stm32f1xx_hal_i2c.o
    0x08001808   0x00000062   Code   RO          608    i.I2C_WaitOnRXNEFlagUntilTimeout  stm32f1xx_hal_i2c.o
    0x0800186a   0x0000004e   Code   RO          609    i.I2C_WaitOnTXEFlagUntilTimeout  stm32f1xx_hal_i2c.o
    0x080018b8   0x00000074   Code   RO         1931    i.MX_GPIO_Init      main.o
    0x0800192c   0x00000038   Code   RO         1932    i.MX_I2C1_Init      main.o
    0x08001964   0x00000038   Code   RO         2457    i.MX_USB_DEVICE_Init  usb_device.o
    0x0800199c   0x00000002   Code   RO         2002    i.MemManage_Handler  stm32f1xx_it.o
    0x0800199e   0x00000002   Code   RO         2003    i.NMI_Handler       stm32f1xx_it.o
    0x080019a0   0x00000020   Code   RO          253    i.NVIC_SetPriority  stm32f1xx_hal_cortex.o
    0x080019c0   0x00000362   Code   RO         1748    i.PCD_EP_ISR_Handler  stm32f1xx_hal_pcd.o
    0x08001d22   0x00000002   Code   RO         2004    i.PendSV_Handler    stm32f1xx_it.o
    0x08001d24   0x00000002   Code   RO         2005    i.SVC_Handler       stm32f1xx_it.o
    0x08001d26   0x0000000e   Code   RO         2006    i.SysTick_Handler   stm32f1xx_it.o
    0x08001d34   0x00000078   Code   RO         1933    i.SystemClock_Config  main.o
    0x08001dac   0x00000048   Code   RO           14    i.SystemInit        system_stm32f1xx.o
    0x08001df4   0x00000014   Code   RO         2736    i.USBD_CDC_DataIn   usbd_cdc.o
    0x08001e08   0x0000002e   Code   RO         2737    i.USBD_CDC_DataOut  usbd_cdc.o
    0x08001e36   0x0000003c   Code   RO         2738    i.USBD_CDC_DeInit   usbd_cdc.o
    0x08001e72   0x00000024   Code   RO         2739    i.USBD_CDC_EP0_RxReady  usbd_cdc.o
    0x08001e96   0x00000002   PAD
    0x08001e98   0x0000000c   Code   RO         2740    i.USBD_CDC_GetDeviceQualifierDescriptor  usbd_cdc.o
    0x08001ea4   0x0000000c   Code   RO         2741    i.USBD_CDC_GetFSCfgDesc  usbd_cdc.o
    0x08001eb0   0x0000000c   Code   RO         2742    i.USBD_CDC_GetHSCfgDesc  usbd_cdc.o
    0x08001ebc   0x0000000c   Code   RO         2743    i.USBD_CDC_GetOtherSpeedCfgDesc  usbd_cdc.o
    0x08001ec8   0x00000088   Code   RO         2744    i.USBD_CDC_Init     usbd_cdc.o
    0x08001f50   0x00000028   Code   RO         2745    i.USBD_CDC_ReceivePacket  usbd_cdc.o
    0x08001f78   0x00000010   Code   RO         2746    i.USBD_CDC_RegisterInterface  usbd_cdc.o
    0x08001f88   0x0000000c   Code   RO         2747    i.USBD_CDC_SetRxBuffer  usbd_cdc.o
    0x08001f94   0x00000010   Code   RO         2748    i.USBD_CDC_SetTxBuffer  usbd_cdc.o
    0x08001fa4   0x00000070   Code   RO         2749    i.USBD_CDC_Setup    usbd_cdc.o
    0x08002014   0x00000030   Code   RO         2750    i.USBD_CDC_TransmitPacket  usbd_cdc.o
    0x08002044   0x0000000e   Code   RO         2902    i.USBD_ClrClassConfig  usbd_core.o
    0x08002052   0x00000010   Code   RO         2842    i.USBD_CtlContinueRx  usbd_ioreq.o
    0x08002062   0x00000010   Code   RO         2843    i.USBD_CtlContinueSendData  usbd_ioreq.o
    0x08002072   0x00000016   Code   RO         2671    i.USBD_CtlError     usbd_ctlreq.o
    0x08002088   0x0000001e   Code   RO         2844    i.USBD_CtlPrepareRx  usbd_ioreq.o
    0x080020a6   0x00000016   Code   RO         2845    i.USBD_CtlReceiveStatus  usbd_ioreq.o
    0x080020bc   0x0000001a   Code   RO         2846    i.USBD_CtlSendData  usbd_ioreq.o
    0x080020d6   0x00000016   Code   RO         2847    i.USBD_CtlSendStatus  usbd_ioreq.o
    0x080020ec   0x00000020   Code   RO         2389    i.USBD_FS_ConfigStrDescriptor  usbd_desc.o
    0x0800210c   0x0000000c   Code   RO         2390    i.USBD_FS_DeviceDescriptor  usbd_desc.o
    0x08002118   0x00000024   Code   RO         2391    i.USBD_FS_InterfaceStrDescriptor  usbd_desc.o
    0x0800213c   0x0000000c   Code   RO         2392    i.USBD_FS_LangIDStrDescriptor  usbd_desc.o
    0x08002148   0x00000028   Code   RO         2393    i.USBD_FS_ManufacturerStrDescriptor  usbd_desc.o
    0x08002170   0x0000002c   Code   RO         2394    i.USBD_FS_ProductStrDescriptor  usbd_desc.o
    0x0800219c   0x00000024   Code   RO         2395    i.USBD_FS_SerialStrDescriptor  usbd_desc.o
    0x080021c0   0x000000e0   Code   RO         2672    i.USBD_GetDescriptor  usbd_ctlreq.o
    0x080022a0   0x00000046   Code   RO         2673    i.USBD_GetString    usbd_ctlreq.o
    0x080022e6   0x0000002a   Code   RO         2904    i.USBD_Init         usbd_core.o
    0x08002310   0x00000020   Code   RO         2196    i.USBD_LL_ClearStallEP  usbd_conf.o
    0x08002330   0x00000020   Code   RO         2197    i.USBD_LL_CloseEP   usbd_conf.o
    0x08002350   0x000000aa   Code   RO         2905    i.USBD_LL_DataInStage  usbd_core.o
    0x080023fa   0x0000006a   Code   RO         2906    i.USBD_LL_DataOutStage  usbd_core.o
    0x08002464   0x00000008   Code   RO         2201    i.USBD_LL_GetRxDataSize  usbd_conf.o
    0x0800246c   0x000000a0   Code   RO         2202    i.USBD_LL_Init      usbd_conf.o
    0x0800250c   0x0000001c   Code   RO         2203    i.USBD_LL_IsStallEP  usbd_conf.o
    0x08002528   0x00000026   Code   RO         2204    i.USBD_LL_OpenEP    usbd_conf.o
    0x0800254e   0x00000020   Code   RO         2205    i.USBD_LL_PrepareReceive  usbd_conf.o
    0x0800256e   0x0000003e   Code   RO         2911    i.USBD_LL_Reset     usbd_core.o
    0x080025ac   0x0000000c   Code   RO         2912    i.USBD_LL_Resume    usbd_core.o
    0x080025b8   0x00000018   Code   RO         2913    i.USBD_LL_SOF       usbd_core.o
    0x080025d0   0x00000006   Code   RO         2914    i.USBD_LL_SetSpeed  usbd_core.o
    0x080025d6   0x00000020   Code   RO         2206    i.USBD_LL_SetUSBAddress  usbd_conf.o
    0x080025f6   0x0000005a   Code   RO         2915    i.USBD_LL_SetupStage  usbd_core.o
    0x08002650   0x00000020   Code   RO         2207    i.USBD_LL_StallEP   usbd_conf.o
    0x08002670   0x00000020   Code   RO         2208    i.USBD_LL_Start     usbd_conf.o
    0x08002690   0x00000012   Code   RO         2916    i.USBD_LL_Suspend   usbd_core.o
    0x080026a2   0x00000020   Code   RO         2210    i.USBD_LL_Transmit  usbd_conf.o
    0x080026c2   0x00000028   Code   RO         2674    i.USBD_ParseSetupRequest  usbd_ctlreq.o
    0x080026ea   0x00000010   Code   RO         2917    i.USBD_RegisterClass  usbd_core.o
    0x080026fa   0x00000016   Code   RO         2919    i.USBD_SetClassConfig  usbd_core.o
    0x08002710   0x00000074   Code   RO         2675    i.USBD_SetConfig    usbd_ctlreq.o
    0x08002784   0x0000000a   Code   RO         2920    i.USBD_Start        usbd_core.o
    0x0800278e   0x000000f2   Code   RO         2676    i.USBD_StdDevReq    usbd_ctlreq.o
    0x08002880   0x000000dc   Code   RO         2677    i.USBD_StdEPReq     usbd_ctlreq.o
    0x0800295c   0x00000034   Code   RO         2678    i.USBD_StdItfReq    usbd_ctlreq.o
    0x08002990   0x00000002   Code   RO         2211    i.USBD_static_free  usbd_conf.o
    0x08002992   0x00000002   PAD
    0x08002994   0x00000008   Code   RO         2212    i.USBD_static_malloc  usbd_conf.o
    0x0800299c   0x0000025c   Code   RO         1494    i.USB_ActivateEndpoint  stm32f1xx_ll_usb.o
    0x08002bf8   0x00000004   Code   RO         1497    i.USB_CoreInit      stm32f1xx_ll_usb.o
    0x08002bfc   0x00000124   Code   RO         1499    i.USB_DeactivateEndpoint  stm32f1xx_ll_usb.o
    0x08002d20   0x00000004   Code   RO         1500    i.USB_DevConnect    stm32f1xx_ll_usb.o
    0x08002d24   0x00000004   Code   RO         1501    i.USB_DevDisconnect  stm32f1xx_ll_usb.o
    0x08002d28   0x0000001e   Code   RO         1502    i.USB_DevInit       stm32f1xx_ll_usb.o
    0x08002d46   0x0000000e   Code   RO         1503    i.USB_DisableGlobalInt  stm32f1xx_ll_usb.o
    0x08002d54   0x00000004   Code   RO         1504    i.USB_EP0_OutStart  stm32f1xx_ll_usb.o
    0x08002d58   0x0000006a   Code   RO         1505    i.USB_EPClearStall  stm32f1xx_ll_usb.o
    0x08002dc2   0x0000004a   Code   RO         1506    i.USB_EPSetStall    stm32f1xx_ll_usb.o
    0x08002e0c   0x000001aa   Code   RO         1507    i.USB_EPStartXfer   stm32f1xx_ll_usb.o
    0x08002fb6   0x0000000e   Code   RO         1508    i.USB_EnableGlobalInt  stm32f1xx_ll_usb.o
    0x08002fc4   0x0000000c   Code   RO         2007    i.USB_LP_CAN1_RX0_IRQHandler  stm32f1xx_it.o
    0x08002fd0   0x00000006   Code   RO         1515    i.USB_ReadInterrupts  stm32f1xx_ll_usb.o
    0x08002fd6   0x00000002   PAD
    0x08002fd8   0x0000001e   Code   RO         1516    i.USB_ReadPMA       stm32f1xx_ll_usb.o
    0x08002ff6   0x00000004   Code   RO         1518    i.USB_SetCurrentMode  stm32f1xx_ll_usb.o
    0x08002ffa   0x0000000c   Code   RO         1519    i.USB_SetDevAddress  stm32f1xx_ll_usb.o
    0x08003006   0x00000026   Code   RO         1521    i.USB_WritePMA      stm32f1xx_ll_usb.o
    0x0800302c   0x00000002   Code   RO         2008    i.UsageFault_Handler  stm32f1xx_it.o
    0x0800302e   0x00000002   Code   RO         1934    i._Error_Handler    main.o
    0x08003030   0x0000000e   Code   RO         3064    i.__scatterload_copy  mc_w.l(handlers.o)
    0x0800303e   0x00000002   Code   RO         3065    i.__scatterload_null  mc_w.l(handlers.o)
    0x08003040   0x0000000e   Code   RO         3066    i.__scatterload_zeroinit  mc_w.l(handlers.o)
    0x0800304e   0x00000046   Code   RO         1935    i.main              main.o
    0x08003094   0x00000030   Code   RO         2495    i.mpu9250ReadReg    mpu9250_i2c.o
    0x080030c4   0x00000024   Code   RO         2496    i.mpu9250WriteReg   mpu9250_i2c.o
    0x080030e8   0x00000158   Code   RO         2497    i.mpuBegin          mpu9250_i2c.o
    0x08003240   0x00000058   Code   RO         2498    i.mpuReadSensor     mpu9250_i2c.o
    0x08003298   0x00000054   Code   RO         2499    i.readAK8963Registers  mpu9250_i2c.o
    0x080032ec   0x00000010   Code   RO         2500    i.readRegisters     mpu9250_i2c.o
    0x080032fc   0x00000020   Code   RO         2501    i.whoAmI            mpu9250_i2c.o
    0x0800331c   0x00000020   Code   RO         2502    i.whoAmIAK8963      mpu9250_i2c.o
    0x0800333c   0x00000078   Code   RO         2503    i.writeAK8963Register  mpu9250_i2c.o
    0x080033b4   0x00000030   Code   RO         2504    i.writeRegister     mpu9250_i2c.o
    0x080033e4   0x00000010   Data   RO           15    .constdata          system_stm32f1xx.o
    0x080033f4   0x00000008   Data   RO           16    .constdata          system_stm32f1xx.o
    0x080033fc   0x00000020   Data   RO         3062    Region$$Table       anon$$obj.o


    Execution Region RW_IRAM1 (Base: 0x20000000, Size: 0x00001848, Max: 0x00005000, ABSOLUTE, COMPRESSED[0x000000c0])

    Base Addr    Size         Type   Attr      Idx    E Section Name        Object

    0x20000000   0x00000004   Data   RW           17    .data               system_stm32f1xx.o
    0x20000004   0x0000000c   Data   RW          964    .data               stm32f1xx_hal.o
    0x20000010   0x00000010   Data   RW         2123    .data               usbd_cdc_if.o
    0x20000020   0x0000001c   Data   RW         2397    .data               usbd_desc.o
    0x2000003c   0x00000016   Data   RW         2398    .data               usbd_desc.o
    0x20000052   0x00000001   Data   RW         2679    .data               usbd_ctlreq.o
    0x20000053   0x00000001   PAD
    0x20000054   0x000000db   Data   RW         2751    .data               usbd_cdc.o
    0x2000012f   0x00000001   PAD
    0x20000130   0x00000038   Data   RW         2752    .data               usbd_cdc.o
    0x20000168   0x00000054   Zero   RW         1936    .bss                main.o
    0x200001bc   0x000007d0   Zero   RW         2122    .bss                usbd_cdc_if.o
    0x2000098c   0x00000680   Zero   RW         2213    .bss                usbd_conf.o
    0x2000100c   0x00000200   Zero   RW         2396    .bss                usbd_desc.o
    0x2000120c   0x00000224   Zero   RW         2458    .bss                usb_device.o
    0x20001430   0x00000015   Zero   RW         2505    .bss                mpu9250_i2c.o
    0x20001445   0x00000003   PAD
    0x20001448   0x00000400   Zero   RW            1    STACK               startup_stm32f103xb.o


==============================================================================

Image component sizes


      Code (inc. data)   RO Data    RW Data    ZI Data      Debug   Object Name

       364         20          0          0         84       9429   main.o
       848         34          0          0         21      12545   mpu9250_i2c.o
        36          8        236          0       1024        836   startup_stm32f103xb.o
       164         28          0         12          0       4073   stm32f1xx_hal.o
       228         14          0          0          0      27709   stm32f1xx_hal_cortex.o
       454         36          0          0          0       2980   stm32f1xx_hal_gpio.o
      2056         44          0          0          0      12550   stm32f1xx_hal_i2c.o
       196         24          0          0          0       1596   stm32f1xx_hal_msp.o
      1810          0          0          0          0      10453   stm32f1xx_hal_pcd.o
        52          0          0          0          0       1238   stm32f1xx_hal_pcd_ex.o
      1264         92          0          0          0       5277   stm32f1xx_hal_rcc.o
       236         12          0          0          0       1456   stm32f1xx_hal_rcc_ex.o
        42          6          0          0          0       4599   stm32f1xx_it.o
      1666          0          0          0          0      13223   stm32f1xx_ll_usb.o
        72         16         24          4          0     417515   system_stm32f1xx.o
        56         18          0          0        548        772   usb_device.o
       590         22          0        275          0      13246   usbd_cdc.o
       112         22          0         16       2000       5111   usbd_cdc_if.o
       652         50          0          0       1664      13925   usbd_conf.o
       592          0          0          0          0       9616   usbd_core.o
       986         30          0          1          0       8036   usbd_ctlreq.o
       212        116          0         50        512       5219   usbd_desc.o
       132          0          0          0          0       4556   usbd_ioreq.o

    ----------------------------------------------------------------------
     12840        592        292        360       5856     585960   Object Totals
         0          0         32          0          0          0   (incl. Generated)
        20          0          0          2          3          0   (incl. Padding)

    ----------------------------------------------------------------------

      Code (inc. data)   RO Data    RW Data    ZI Data      Debug   Library Member Name

        86          0          0          0          0          0   __dczerorl2.o
         0          0          0          0          0          0   entry.o
         0          0          0          0          0          0   entry10a.o
         0          0          0          0          0          0   entry11a.o
         8          4          0          0          0          0   entry2.o
         4          0          0          0          0          0   entry5.o
         0          0          0          0          0          0   entry7b.o
         0          0          0          0          0          0   entry8b.o
         8          4          0          0          0          0   entry9a.o
        30          0          0          0          0          0   handlers.o
        36          8          0          0          0         68   init.o
        36          0          0          0          0         68   memcpya.o

    ----------------------------------------------------------------------
       208         16          0          0          0        136   Library Totals
         0          0          0          0          0          0   (incl. Padding)

    ----------------------------------------------------------------------

      Code (inc. data)   RO Data    RW Data    ZI Data      Debug   Library Name

       208         16          0          0          0        136   mc_w.l

    ----------------------------------------------------------------------
       208         16          0          0          0        136   Library Totals

    ----------------------------------------------------------------------

==============================================================================


      Code (inc. data)   RO Data    RW Data    ZI Data      Debug   

     13048        608        292        360       5856     577904   Grand Totals
     13048        608        292        192       5856     577904   ELF Image Totals (compressed)
     13048        608        292        192          0          0   ROM Totals

==============================================================================

    Total RO  Size (Code + RO Data)                13340 (  13.03kB)
    Total RW  Size (RW Data + ZI Data)              6216 (   6.07kB)
    Total ROM Size (Code + RO Data + RW Data)      13532 (  13.21kB)

==============================================================================

