<html>
<body>
<pre>
<h1>µVision Build Log</h1>
<h2>Tool Versions:</h2>
IDE-Version: µVision V5.23.0.0
Copyright (C) 2017 ARM Ltd and ARM Germany GmbH. All rights reserved.
License Information: Rooholla Khorram, -, LIC=Z3CQD-8RZ3B-76JQT-RN7R3-9DMA0-37KN6
 
Tool Versions:
Toolchain:       MDK-ARM Professional  Version: 5.23
Toolchain Path:  D:\Programs Install\keil\ARM\ARMCC\Bin
C Compiler:      Armcc.exe V5.06 update 4 (build 422)
Assembler:       Armasm.exe V5.06 update 4 (build 422)
Linker/Locator:  ArmLink.exe V5.06 update 4 (build 422)
Library Manager: ArmAr.exe V5.06 update 4 (build 422)
Hex Converter:   FromElf.exe V5.06 update 4 (build 422)
CPU DLL:         SARMCM3.DLL V5.23
Dialog DLL:      DCM.DLL V1.15.0.0
Target DLL:      STLink\ST-LINKIII-KEIL_SWO.dll V2.0.18.0
Dialog DLL:      TCM.DLL V1.27.0.0
 
<h2>Project:</h2>
D:\My_Projects\Electronics_Projects\Lab_Projects\MPU9250_IMU\MPU9250_SPI_HAL\MDK-ARM\MPU9250_STM32_HAL.uvprojx
Project File Date:  05/26/2018

<h2>Output:</h2>
*** Using Compiler 'V5.06 update 4 (build 422)', folder: 'D:\Programs Install\keil\ARM\ARMCC\Bin'
Build target 'MPU9250_STM32_HAL'
compiling usb_device.c...
compiling usbd_cdc.c...
compiling main.c...
../Src/main.c(128): warning:  #188-D: enumerated type mixed with another type
  	
SS_HIGH;
../Src/main.c(104): warning:  #177-D: variable "Packet"  was declared but never referenced
  	  }Packet;
../Src/main.c: 2 warnings, 0 errors
compiling usbd_cdc_if.c...
compiling usbd_conf.c...
linking...
Program Size: Code=13188 RO-data=284 RW-data=376 ZI-data=5416  
"MPU9250_STM32_HAL\MPU9250_STM32_HAL.axf" - 0 Error(s), 2 Warning(s).

<h2>Software Packages used:</h2>

Package Vendor: ARM
                http://www.keil.com/pack/ARM.CMSIS.5.2.0.pack
                ARM::CMSIS:CORE:5.0.2
                CMSIS (Cortex Microcontroller Software Interface Standard)
   * Component: CORE Version: 5.0.2

<h2>Collection of Component include folders:</h2>
  .\RTE\_MPU9250_STM32_HAL
  D:\Programs Install\keil\ARM\PACK\ARM\CMSIS\5.2.0\CMSIS\Include
  D:\Programs Install\keil\ARM\PACK\Keil\STM32F1xx_DFP\2.2.0\Device\Include

<h2>Collection of Component Files used:</h2>

   * Component: ARM::CMSIS:CORE:5.0.2
Build Time Elapsed:  00:00:01
</pre>
</body>
</html>
